  401480     2730 Code                ABERROR_TEXT
  403BB0      1B1 Code                ABFILE_TEXT
  403D64      159 Code                ABFUZZY_TEXT
  403EC0       91 Code                ABRESIZE_TEXT
  403F54      133 Code                ABTOOLBA_TEXT
  404088     19C4 Code                ABUTIL_TEXT
  405A4C     1C3E Code                ABWINDOW_TEXT
  40768C      A50 Code                CLARIONRECENTSCLI001_TEXT
  4080DC        9 Code                CLARIONRECENTSCLI_BC0_TEXT
  4080E8       13 Code                CLARIONRECENTSCLI_BC_TEXT
  4080FC       D0 Code                CLARIONRECENTSCLI_TEXT
  4081CC       A4 Code                CWSYNCHC_TEXT
  408270       23 Code                IEXE32_TEXT
  408294      5D3 Code                INIT_TEXT
  408868       BB Code                INST00_TEXT
  408924     6C0E Code                REFLECTION_TEXT
  40F534    325A7 Code                STRINGTHEORY_TEXT
  441ADC     841D Code                WINEVENT_TEXT
  449EFC    1286C Code                XFILES_TEXT
  45C768       5B Code                _TEXT
  45D000     1290 Initialized Data    $DEFAULTERRORS_DATA
  45E290       15 Initialized Data    ABBROWSE_CONST
  45E2A8       23 Initialized Data    ABEIP_CONST
  45E2CC       3C Initialized Data    ABEIP_DATA
  45E308      199 Initialized Data    ABERROR_CONST
  45E4A4      AD0 Initialized Data    ABERROR_DATA
  45EF74       15 Initialized Data    ABFILE_CONST
  45EF8C      147 Initialized Data    ABFILE_DATA
  45F0D4        5 Initialized Data    ABFUZZY_CONST
  45F0DC       B4 Initialized Data    ABFUZZY_DATA
  45F190        9 Initialized Data    ABPOPUP_CONST
  45F19C        8 Initialized Data    ABRESIZE_CONST
  45F1A4       4C Initialized Data    ABTOOLBA_DATA
  45F1F0       75 Initialized Data    ABUTIL_CONST
  45F268       EB Initialized Data    ABUTIL_DATA
  45F354        4 Initialized Data    ABWINDOW_CONST
  45F358       3F Initialized Data    ABWINDOW_DATA
  45F398       7D Initialized Data    CLARIONRECENTSCLI001_CONST
  45F418      3E0 Initialized Data    CLARIONRECENTSCLI001_DATA
  45F7F8       17 Initialized Data    CLARIONRECENTSCLI_CONST
  45F810       B8 Initialized Data    CLARIONRECENTSCLI_DATA
  45F8C8       48 Initialized Data    CWSYNCHC_DATA
  45F910       44 Initialized Data    IEXE32_DATA
  45F954      5D6 Initialized Data    REFLECTION_CONST
  45FF2C      4B4 Initialized Data    REFLECTION_DATA
  4603E0     2B6D Initialized Data    STRINGTHEORY_CONST
  462F50      CE0 Initialized Data    STRINGTHEORY_DATA
  463C30     1AAF Initialized Data    WINEVENT_CONST
  4656E0      644 Initialized Data    WINEVENT_DATA
  465D24      7C1 Initialized Data    XFILES_CONST
  4664E8      EB0 Initialized Data    XFILES_DATA
  467398        0 Initialized Data    __CPPINI_CONS
  467398      24C Initialized Data    __CPPINI_CONST
  4675E4        4 Initialized Data    __CPPINI_END
  4675E8        0 Initialized Data    __INIVMT_CONS
  4675E8       A8 Initialized Data    __INIVMT_CONST
  467690        0 Initialized Data    __INIVMT_CONST_END
  467690     1623 Un-initialized Data $FUZZYMATCHER_BSS
  468CB4     1EE1 Un-initialized Data $WE:DEVCB_BSS
  46AB98       40 Un-initialized Data ABEIP_BSS
  46ABD8      404 Un-initialized Data ABERROR_BSS
  46AFDC       10 Un-initialized Data ABFILE_BSS
  46AFEC        4 Un-initialized Data ABFUZZY_BSS
  46AFF0      104 Un-initialized Data ABUTIL_BSS
  46B0F4      3CC Un-initialized Data CLARIONRECENTSCLI_BSS
  46B4C0       94 Un-initialized Data REFLECTION_BSS
  46B554       28 Un-initialized Data STRINGTHEORY_BSS
  46B57C      8C4 Un-initialized Data WINEVENT_BSS
  46BE40      284 Un-initialized Data XFILES_BSS
  46D000        8 __T_L_S__DAT
  46D008       FC __T_L_S__DATA
  46D104        0 __T_L_S__DATA_END
  46D110        0 __T_L_S__BS
  46D110     3EF4 __T_L_S__BSS
  471004        0 __T_L_S__BSS_END

  40159C KILL_@_WINDOWCOMPONENT_@_HISTHANDLERCLASS@F15WINDOWCOMPONENT
  4015A0 RESET_@_WINDOWCOMPONENT_@_HISTHANDLERCLASS@F15WINDOWCOMPONENTUc
  4015A4 RESETREQUIRED_@_WINDOWCOMPONENT_@_HISTHANDLERCLASS@F15WINDOWCOMPONENT
  4015A8 SETALERTS_@_WINDOWCOMPONENT_@_HISTHANDLERCLASS@F15WINDOWCOMPONENT
  4015AC TAKEEVENT_@_WINDOWCOMPONENT_@_HISTHANDLERCLASS@F15WINDOWCOMPONENT
  4015B4 UPDATE_@_WINDOWCOMPONENT_@_HISTHANDLERCLASS@F15WINDOWCOMPONENT
  4015B8 UPDATEWINDOW_@_WINDOWCOMPONENT_@_HISTHANDLERCLASS@F15WINDOWCOMPONENT
  4015CC VLBPROC@F16HISTHANDLERCLASSls
  401678 TAKEEVENT@F16HISTHANDLERCLASS
  401740 INIT@F16HISTHANDLERCLASSBw10ERRORCLASS16ERRORHISTORYLIST
  40174C _VLBPROC@F16HISTHANDLERCLASSls
  40175C TAKEACCEPTED@F11MSGBOXCLASS
  401798 SETUPADDITIONALFEQS@F11MSGBOXCLASS
  401820 KILL@F11MSGBOXCLASS
  401860 INIT@F11MSGBOXCLASS
  401B10 INIT@F11MSGBOXCLASSBw10ERRORCLASSOsbllll
  401BA8 FETCHSTDBUTTON@F11MSGBOXCLASSs
  401BDC GETALLSTATUSVARIABLES@F10ERRORCLASS16ERRORSTATUSGROUP
  401C0C GETERRORBUFFERFATALITY@F10ERRORCLASS
  401C3C GETERRORBUFFERTITLE@F10ERRORCLASS
  401C74 GETERRORBUFFERID@F10ERRORCLASS
  401C98 STOREERRORENTRY@F10ERRORCLASSUs
  401DC8 GETHISTORYRESETONVIEW@F10ERRORCLASS
  401E14 SETHISTORYRESETONVIEW@F10ERRORCLASSUc
  401E5C GETHISTORYVIEWLEVEL@F10ERRORCLASS
  401EA8 SETHISTORYVIEWLEVEL@F10ERRORCLASSl
  401EF0 GETHISTORYTHRESHOLD@F10ERRORCLASS
  401F3C SETHISTORYTHRESHOLD@F10ERRORCLASSl
  401F84 GETLOGERRORS@F10ERRORCLASS
  401FD0 GETSILENT@F10ERRORCLASS
  40201C SETDEFAULTCATEGORY@F10ERRORCLASSsa
  402064 GETDEFAULTCATEGORY@F10ERRORCLASS
  4020B0 VIEWHISTORY@F10ERRORCLASS
  4020DC THROW@F10ERRORCLASSs
  4020F0 TAKEUSER@F10ERRORCLASS
  40215C TAKEPROGRAM@F10ERRORCLASS
  402164 TAKEOTHER@F10ERRORCLASS
  40216C TAKENOTIFY@F10ERRORCLASS
  4021C4 TAKEFATAL@F10ERRORCLASS
  402254 TAKEERROR@F10ERRORCLASSs
  402458 TAKEBENIGN@F10ERRORCLASS
  40245C SUBSSTRING@F10ERRORCLASS
  402838 SETPROCEDURENAME@F10ERRORCLASSOsb
  4028E8 GETERRORENTRY@F10ERRORCLASSUs15ERRORENTRYGROUPl
  40298C GETERRORENTRY@F10ERRORCLASSUs15ERRORENTRYGROUP
  4029C0 SETID@F10ERRORCLASSUsl
  4029F8 SETID@F10ERRORCLASSUs
  402A14 SETERRORS@F10ERRORCLASS
  402AB4 SETERRORLOG@F10ERRORCLASS17ERRORLOGINTERFACE
  402B54 SETCATEGORY@F10ERRORCLASSssa
  402BA0 RESETHISTORY@F10ERRORCLASS
  402BC8 REMOVEERROR@F10ERRORCLASSUs
  402C08 MESSAGEBOX@F10ERRORCLASSUcsbOsbOsblll
  402CA0 MSG@F10ERRORCLASSsbOsbOsblll
  403038 MESSAGE@F10ERRORCLASSsll
  4030AC KILL@F10ERRORCLASS
  403150 INIT@F10ERRORCLASS16ERRORSTATUSCLASS
  4031AC INIT@F10ERRORCLASS
  403280 HISTORYMSG@F10ERRORCLASSsblll
  403440 GETPROCEDURENAME@F10ERRORCLASS
  403514 GETCATEGORY@F10ERRORCLASSs
  40359C ADDHISTORY@F10ERRORCLASS
  4035CC ADDERRORS@F10ERRORCLASS10ERRORBLOCK
  403778 ADDERROR@F10ERRORCLASSUsRsbRsbUcsa
  403824 DESTRUCT@F10ERRORCLASS
  403840 CONSTRUCT@F10ERRORCLASS
  403858 DESTRUCT@F16ERRORSTATUSCLASS
  40388C CONSTRUCT@F16ERRORSTATUSCLASS
  4039C4 CLOSE_@_ERRORLOGINTERFACE_@_STANDARDERRORLOGCLASS@F17ERRORLOGINTERFACEUc
  4039CC OPEN_@_ERRORLOGINTERFACE_@_STANDARDERRORLOGCLASS@F17ERRORLOGINTERFACEUc
  4039D4 TAKE_@_ERRORLOGINTERFACE_@_STANDARDERRORLOGCLASS@F17ERRORLOGINTERFACEsb
  403A78 CLOSE@F21STANDARDERRORLOGCLASSUc
  403AF4 OPEN@F21STANDARDERRORLOGCLASSUc
  403B9C DESTRUCT@F21STANDARDERRORLOGCLASS
  403BA8 CONSTRUCT@F21STANDARDERRORLOGCLASS
  403BCC DESTRUCT@F12FILESMANAGER
  403C0C CONSTRUCT@F12FILESMANAGER
  403C3C TRYREGET@F11FILEMANAGERsb
  403CE4 POSITION@F11FILEMANAGER
  403D64 SETOPTION@F10FUZZYCLASSUcUc
  403DC8 KILL@F10FUZZYCLASS
  403DCC INIT@F10FUZZYCLASS
  403DE0 CONSTRUCT@F10FUZZYCLASS
  403EC0 TAKERESIZE@F17WINDOWRESIZECLASS
  403EC8 KILL@F17WINDOWRESIZECLASS
  403F54 TAKEEVENT@F12TOOLBARCLASSPl13WINDOWMANAGER
  403F80 SETTARGET@F12TOOLBARCLASSl
  404028 KILL@F12TOOLBARCLASS
  404040 INIT@F12TOOLBARCLASS
  404060 DISPLAYBUTTONS@F12TOOLBARCLASS
  404088 UPDATEQUEUE@F8INICLASSsbsbBqRuPuPuPu
  4042AC UPDATE@F8INICLASSsbsbsb
  404368 UPDATE@F8INICLASSsbBw
  404548 UPDATE@F8INICLASS
  40454C TRYFETCH@F8INICLASSsbsb
  4045C4 REMOVE@F8INICLASSsbsb
  404724 KILL@F8INICLASS
  40485C INIT@F8INICLASSsbll
  404974 FETCHQUEUE@F8INICLASSsbsbBqRuPuPuPu
  404BE8 FETCHFIELD@F8INICLASSsbsbUc
  404D28 FETCH@F8INICLASSsbsbRu
  404DEC FETCH@F8INICLASSsbBw
  40504C FETCH@F8INICLASSsbsb
  405124 FETCH@F8INICLASS
  405128 UPDATEWINDOWINFO@F8INICLASSsb10WINDOWINFO
  405394 FETCHWINDOWINFO@F8INICLASSsb10WINDOWINFO
  40560C UPDATE@F8INICLASSsbsbsbsb
  4057F8 FETCH@F8INICLASSsbsbsbsb
  405A1C DESTRUCT@F8INICLASS
  405A38 CONSTRUCT@F8INICLASS
  405B30 ONCLOSEEVENTCANCELLED@F13WINDOWMANAGER
  405B48 SAVEONINSERTACTION@F13WINDOWMANAGER
  405BEC SAVEONCHANGEACTION@F13WINDOWMANAGER
  405CF8 DELETEACTION@F13WINDOWMANAGER
  405EA0 CHANGEACTION@F13WINDOWMANAGER
  406204 INSERTACTION@F13WINDOWMANAGER
  4063F4 TAKEDISABLEBUTTON@F13WINDOWMANAGERlUc
  40641C UPDATE@F13WINDOWMANAGER
  406458 TAKEWINDOWEVENT@F13WINDOWMANAGER
  406680 TAKESELECTED@F13WINDOWMANAGER
  406684 TAKEREJECTED@F13WINDOWMANAGER
  4066C0 TAKENOTIFY@F13WINDOWMANAGERlll
  4066C4 TAKENEWSELECTION@F13WINDOWMANAGER
  406744 TAKEFIELDEVENT@F13WINDOWMANAGER
  406748 TAKEEVENT@F13WINDOWMANAGER
  4068FC TAKECLOSEEVENT@F13WINDOWMANAGER
  406A7C TAKECOMPLETED@F13WINDOWMANAGER
  406B54 TAKEACCEPTED@F13WINDOWMANAGER
  406C40 SETRESPONSE@F13WINDOWMANAGERUc
  406C8C SETALERTS@F13WINDOWMANAGER
  406D3C SAVEHISTORY@F13WINDOWMANAGER
  406DE4 RUN@F13WINDOWMANAGERUsUc
  406DE8 RUN@F13WINDOWMANAGER
  406E34 RESTOREFIELD@F13WINDOWMANAGERl
  406F08 RESETBUFFERS@F13WINDOWMANAGERUc
  406F6C RESET@F13WINDOWMANAGERUc
  406FF4 PRIMEUPDATE@F13WINDOWMANAGER
  407138 PRIMEFIELDS@F13WINDOWMANAGER
  40713C POSTCOMPLETED@F13WINDOWMANAGER
  4071D4 OPEN@F13WINDOWMANAGERBwBw
  40721C OPEN@F13WINDOWMANAGER
  407260 MODALEVENT@F13WINDOWMANAGER
  407344 KILL@F13WINDOWMANAGER
  407498 INIT@F13WINDOWMANAGER
  407514 ASK@F13WINDOWMANAGER
  407578 ADDITEM@F13WINDOWMANAGER15WINDOWCOMPONENT
  4075A4 ADDITEM@F13WINDOWMANAGER12TOOLBARCLASS
  4075B8 ADDITEM@F13WINDOWMANAGERlUc
  4075DC DISABLECANCELCONTROLS@F13WINDOWMANAGER
  407634 ENABLECANCELCONTROLS@F13WINDOWMANAGER
  407E4C MAIN@F
  4080DC CLARIONRECENTSCLI_BC0$CLARIONRECENTSCLI_BC0:FILESINIT@F
  4080E0 CLARIONRECENTSCLI_BC0$CLARIONRECENTSCLI_BC0:DCTKILL@F
  4080E4 CLARIONRECENTSCLI_BC0$CLARIONRECENTSCLI_BC0:DCTINIT@F
  4080E8 DCTKILL@F
  4080F0 DCTINIT@F
  4080FC _main
  4081A8 DESTRUCT@F10DICTIONARY
  4081B0 CONSTRUCT@F10DICTIONARY
  4081C0 MYENDSESSIONHANDLER
  4081C4 MYOKTOENDSESSIONHANDLER
  4081CC RELEASE@F15CRITICALSECTION
  4081E0 WAIT@F15CRITICALSECTION
  4081F4 DESTRUCT@F15CRITICALSECTION
  408208 CONSTRUCT@F15CRITICALSECTION
  40821C KILL@F17CRITICALPROCEDURE
  408240 INIT@F17CRITICALPROCEDURE11ISYNCOBJECT
  408260 DESTRUCT@F17CRITICALPROCEDURE
  408268 CONSTRUCT@F17CRITICALPROCEDURE
  408868 __thr_inst0
  408878 __sta_init_entry
  4088E4 __sta_init_exit
  408CDC SETPREFIX@F12REFLECTCLASSsb
  408D20 SETREPLACEMENTCHARS@F12REFLECTCLASSsb
  408D64 SETREPLACECHARS@F12REFLECTCLASSUc
  408D68 SETPREFIXCHARS@F12REFLECTCLASSsb
  408DAC SETMAXPREFIXLENGTH@F12REFLECTCLASSl
  408DB4 SETREMOVEPREFIX@F12REFLECTCLASSUc
  408DB8 GETTAGCASE@F12REFLECTCLASS
  408DBC SETTAGCASE@F12REFLECTCLASSUc
  408DC0 TABLEFIELDTOCOLUMN@F12REFLECTCLASSBfsb
  408F6C FIXCREATE@F12REFLECTCLASSBf
  4090A0 GETANYSIZE@F12REFLECTCLASSRu
  4090BC GETANYTYPE@F12REFLECTCLASSRu
  4091F4 READSTRINGTHEORYPTRLENGTH@F12REFLECTCLASSRu
  409250 READSTRINGTHEORYPTR@F12REFLECTCLASSRu
  4092C4 READPSTRINGPTRLENGTH@F12REFLECTCLASSRu
  409364 READPSTRINGPTR@F12REFLECTCLASSRu
  40942C READCSTRINGPTRLENGTH@F12REFLECTCLASSRu
  4094CC READCSTRINGPTR@F12REFLECTCLASSRu
  409588 READSTRINGPTRLENGTH@F12REFLECTCLASSRu
  409628 READSTRINGPTR@F12REFLECTCLASSRu
  4096E8 ASSIGNSTRINGTHEORYPTR@F12REFLECTCLASSRu12STRINGTHEORY
  40971C ASSIGNSTRINGTHEORYPTR@F12REFLECTCLASSRusb
  4097D4 ASSIGNPSTRINGPTR@F12REFLECTCLASSRu12STRINGTHEORY
  409808 ASSIGNPSTRINGPTR@F12REFLECTCLASSRusb
  409940 ASSIGNCSTRINGPTR@F12REFLECTCLASSRu12STRINGTHEORY
  409974 ASSIGNCSTRINGPTR@F12REFLECTCLASSRusb
  409AA0 ASSIGNSTRINGPTR@F12REFLECTCLASSRu12STRINGTHEORY
  409AD4 ASSIGNSTRINGPTR@F12REFLECTCLASSRusb
  409BFC CLEANFIELDNAME@F12REFLECTCLASS12STRINGTHEORY
  409C74 GETFIELDNAME@F12REFLECTCLASSRgll
  409D18 GETFIELDNAME@F12REFLECTCLASSRgl
  409D34 GETFIELDNUMBER@F12REFLECTCLASSRgsb
  409E14 GETFIELD@F12REFLECTCLASSRgsb
  409EB8 GETFIELDVALUE@F12REFLECTCLASSRgsb
  409F38 DISPOSEQUEUE@F12REFLECTCLASSBql
  409FE4 DISPOSEQUEUE@F12REFLECTCLASSBq
  409FF8 DISPOSEGROUP@F12REFLECTCLASSRgl
  40A644 DISPOSEGROUP@F12REFLECTCLASSRg
  40A654 CLEARTABLE@F12REFLECTCLASSRscBf
  40A83C CLEARQUEUE@F12REFLECTCLASSRscBq
  40A84C CLEARQUEUE@F12REFLECTCLASSBq
  40A870 CLEARGROUP@F12REFLECTCLASSRscRg
  40ADA4 CLEARGROUP@F12REFLECTCLASSRg
  40ADC8 COUNTFIELDSINGROUP@F12REFLECTCLASSRg
  40AE14 ADJUSTCOLUMNNAME@F12REFLECTCLASS12STRINGTHEORYl
  40AF44 ADJUSTCOLUMNNAME@F12REFLECTCLASSsbl
  40AFB4 GETSIZE@F12REFLECTCLASSRscRsc
  40AFF0 GETDESCRIPTION@F12REFLECTCLASSRscRsc
  40B058 GETNUMBER@F12REFLECTCLASSRscRsc
  40B094 GETTYPE@F12REFLECTCLASSRscRsc
  40B12C GETPICTURE@F12REFLECTCLASSRscRsc
  40B1EC GETRENAME@F12REFLECTCLASSRscRsc
  40B300 GETCOLUMNNAME@F12REFLECTCLASSRscRsc
  40B448 GETCOLUMNNAME@F12REFLECTCLASSBfl
  40B54C GETCOLUMNNAME@F12REFLECTCLASSBql
  40B5BC GETCOLUMNNAME@F12REFLECTCLASSRgl
  40B618 SETSIZE@F12REFLECTCLASSRscRscl
  40B658 SETDESCRIPTION@F12REFLECTCLASSRscRsc12STRINGTHEORY
  40B6A4 SETDESCRIPTION@F12REFLECTCLASSsbsbsb
  40B7B0 SETREFERENCE@F12REFLECTCLASSRscRscRg
  40B80C SETRENAME@F12REFLECTCLASSRscRscsb
  40B904 SETNUMBER@F12REFLECTCLASSRscRscl
  40B940 SETTYPE@F12REFLECTCLASSRscRscl
  40B97C SETTYPE@F12REFLECTCLASSsbsbl
  40BA58 SETPICTURE@F12REFLECTCLASSRscRscsb
  40BACC SETPICTURE@F12REFLECTCLASSsbsbsb
  40BBA0 CLEARATTRIBUTE@F12REFLECTCLASSRscsb
  40BC60 DELETEATTRIBUTE@F12REFLECTCLASSRscRscsb
  40BDE0 GETATTRIBUTEEXISTS@F12REFLECTCLASSsb
  40BF18 GETATTRIBUTEEXISTS@F12REFLECTCLASSRscRscsb
  40C068 GETATTRIBUTEVALUE@F12REFLECTCLASSRscRscsb
  40C240 SETATTRIBUTE@F12REFLECTCLASSRscRscsb
  40C608 SETATTRIBUTE@F12REFLECTCLASSsbsbsb
  40C6FC SETATTRIBUTES@F12REFLECTCLASSRscRsc12STRINGTHEORY
  40C840 SETATTRIBUTES@F12REFLECTCLASSsbsbsb
  40C96C _PARSEATTRIBUTES@F12REFLECTCLASSRscRsc
  40DB20 _PARSEFIELD@F12REFLECTCLASSRsc12STRINGTHEORYlRg
  40DC1C PARSEFIELD@F12REFLECTCLASSRsc12STRINGTHEORY
  40DCD8 PARSE@F12REFLECTCLASSRscBi
  40DDC8 PARSE@F12REFLECTCLASSRscBf
  40E144 PARSE@F12REFLECTCLASSRscBq
  40E17C PARSE@F12REFLECTCLASSRscRg
  40E1E4 PARSE@F12REFLECTCLASSsbBi
  40E244 PARSE@F12REFLECTCLASSsbBf
  40E2A4 PARSE@F12REFLECTCLASSsbBq
  40E304 PARSE@F12REFLECTCLASSsbRg
  40E370 PARSE@F12REFLECTCLASSBi
  40E3AC PARSE@F12REFLECTCLASSBf
  40E3E8 PARSE@F12REFLECTCLASSBq
  40E424 PARSE@F12REFLECTCLASSRg
  40E470 INTERPRETFIELDTYPE@F12REFLECTCLASSl
  40EB7C TRACE@F12REFLECTCLASSsb
  40EC28 WALK@F12REFLECTCLASS12STRINGTHEORY
  40EE34 WALK@F12REFLECTCLASS
  40F020 WITH@F12REFLECTCLASSRscRscl
  40F258 WITH@F12REFLECTCLASSRscRsc
  40F268 WITH@F12REFLECTCLASSRsc
  40F2B8 START@F12REFLECTCLASS
  40F3D4 DESTRUCT@F12REFLECTCLASS
  40F4B0 CONSTRUCT@F12REFLECTCLASS
  412D14 SORTCASEINSENSITIVE@F14LINESGROUPTYPE14LINESGROUPTYPE
  412D8C SORTLENGTH@F14LINESGROUPTYPE14LINESGROUPTYPE
  412E2C SORTCASESENSITIVE@F14LINESGROUPTYPE14LINESGROUPTYPE
  412E7C DEFORMATUNIXTIMESTAMP@F14STRINGDEFORMATsbOsb
  4132AC DEFORMATDATETEXT@F14STRINGDEFORMATlsbsbsbsb
  415714 DEFORMATDATE@F14STRINGDEFORMATsbOsb
  4176CC DEFORMATTIME@F14STRINGDEFORMATsbOsb
  4183D8 DEFORMATTIMEHOURS@F14STRINGDEFORMATsbOsb
  418460 DEFORMATNUMBER@F14STRINGDEFORMATsbOsb
  4187D4 DEFORMATHEX@F14STRINGDEFORMATsbOsb
  4189F8 DEFORMATPATTERN@F14STRINGDEFORMATsbOsb
  418BCC DEFORMATSCIENTIFIC@F14STRINGDEFORMATsbOsb
  418C28 DEFORMATVALUE@F14STRINGDEFORMATsbOsb
  418F3C DATEFROMWEEK@F14STRINGDEFORMATsbll
  4190B0 TRANSLATE@F14STRINGDEFORMATsb
  4190E4 FORMATPATTERN@F12STRINGFORMATsb13STRINGPICTUREl
  4191F0 FORMATHEX@F12STRINGFORMATsb13STRINGPICTUREl
  4194E4 FORMATUNIXTIMESTAMP@F12STRINGFORMATd13STRINGPICTUREl
  419A14 FORMATNUMBER@F12STRINGFORMATdsbl
  419B60 FORMATTIMEHOURS@F12STRINGFORMATdsbl
  419BFC FORMATTIME@F12STRINGFORMATd13STRINGPICTUREl
  41AF5C FORMATTIME@F12STRINGFORMATdsbl
  41AFE8 WEEK@F12STRINGFORMATlRlRlRl
  41B164 FORMATDATE@F12STRINGFORMATd13STRINGPICTUREl
  41B890 FORMATDATE@F12STRINGFORMATdsbl
  41B91C FORMATVALUE@F12STRINGFORMATsbOsbl
  41BE50 UTCTIME@F8UNIXDATE
  41BEA0 UTCDATE@F8UNIXDATE
  41BEE0 CLARIONTOUNIXDATE@F8UNIXDATElll
  41BFE0 UNIXTOCLARIONTIME@F8UNIXDATEdl
  41C0E4 UNIXTOCLARIONDATE@F8UNIXDATEdl
  41C1B8 TRACE@F8UNIXDATEsb
  41C22C _BLOCKBOUND@F13STRINGPICTUREsbsbRl
  41C288 _BLOCKBOUND@F13STRINGPICTURERsbsbRl
  41C388 _BLOCK@F13STRINGPICTUREsbsbRll
  41C3E4 _BLOCK@F13STRINGPICTURERsbsbRll
  41C4B4 TRACE@F13STRINGPICTUREsb
  41C528 INTERPRETHEXPICTURE@F13STRINGPICTURE
  41C5BC INTERPRETUNIXTIMESTAMPPICTURE@F13STRINGPICTURE
  41C6AC INTERPRETKEYINPICTURE@F13STRINGPICTURE
  41C6C4 INTERPRETPATTERNPICTURE@F13STRINGPICTURE
  41C6DC INTERPRETNUMERICPICTURE@F13STRINGPICTURE
  41C6F8 INTERPRETSCIENTIFICPICTURE@F13STRINGPICTURE
  41C714 INTERPRETSTRINGPICTURE@F13STRINGPICTURE
  41C76C INTERPRETTIMEHOURSPICTURE@F13STRINGPICTURE
  41C788 INTERPRETTIMEPICTURE@F13STRINGPICTURE
  41CDB8 INTERPRETDATEPICTURE@F13STRINGPICTURE
  41D828 INTERPRETPICTURE@F13STRINGPICTUREOsb
  41D9F4 PARSEHEXPICTURE@F13STRINGPICTUREOsb
  41DC3C PARSEUNIXTIMESTAMPPICTURE@F13STRINGPICTUREOsb
  41E100 PARSEKEYINPICTURE@F13STRINGPICTUREOsb
  41E23C PARSEPATTERNPICTURE@F13STRINGPICTUREOsb
  41E378 PARSENUMERICPICTURE@F13STRINGPICTUREOsb
  41E778 PARSESCIENTIFICPICTURE@F13STRINGPICTUREOsb
  41E9D0 PARSESTRINGPICTURE@F13STRINGPICTUREOsb
  41EB04 PARSETIMEHOURSPICTURE@F13STRINGPICTUREOsb
  41EBD4 PARSETIMEPICTURE@F13STRINGPICTUREOsb
  41F1B4 PARSEDATEPICTURE@F13STRINGPICTUREOsb
  41F538 PARSEPICTURE@F13STRINGPICTUREOsb
  41F8A0 CREATEHEXPICTURE@F13STRINGPICTUREl
  41F910 CREATEUNIXTIMESTAMPPICTURE@F13STRINGPICTUREl
  41FAB8 CREATEKEYINPICTURE@F13STRINGPICTUREl
  41FBC8 CREATEPATTERNPICTURE@F13STRINGPICTUREl
  41FCD8 CREATENUMERICPICTURE@F13STRINGPICTUREl
  41FF98 CREATESCIENTIFICPICTURE@F13STRINGPICTUREl
  4201B4 CREATESTRINGPICTURE@F13STRINGPICTUREl
  420324 CREATETIMEHOURSPICTURE@F13STRINGPICTUREl
  420364 CREATETIMEPICTURE@F13STRINGPICTUREl
  420728 CREATEDATEPICTURE@F13STRINGPICTUREl
  4209C0 CREATEPICTURE@F13STRINGPICTUREOsbl
  420B38 SETDEFORMATVALUE@F12STRINGTHEORYsbsb
  420BBC SETDEFORMATVALUE@F12STRINGTHEORYsb
  420C38 SETFORMATVALUE@F12STRINGTHEORYsbsb
  420CC4 SETFORMATVALUE@F12STRINGTHEORYsb
  420D48 DEFORMATVALUE@F12STRINGTHEORYsbsb
  420DC8 DEFORMATVALUE@F12STRINGTHEORYsb
  420E38 FORMATVALUE@F12STRINGTHEORYsbsb
  420EC0 FORMATVALUE@F12STRINGTHEORYsb
  420F34 _IANANAMETONUMBER@F12STRINGTHEORYsb
  4215F8 FORMATHTML@F12STRINGTHEORY
  421B18 ASNENCODENUMBER@F12STRINGTHEORYsbl
  421BBC ASNENCODE@F12STRINGTHEORYsbOsb
  421CB8 ASNDECODE@F12STRINGTHEORYRl12STRINGTHEORYPsb
  421F28 CONVERTANSITOOEM@F12STRINGTHEORY
  421F70 CONVERTOEMTOANSI@F12STRINGTHEORY
  421FB8 ENDSWITH@F12STRINGTHEORYsbll
  4220A0 STARTSWITH@F12STRINGTHEORYsbll
  422168 ISTIME@F12STRINGTHEORY
  422290 ISTIME@F12STRINGTHEORYsb
  422324 DEFORMATTIME@F12STRINGTHEORY
  422398 DEFORMATTIME@F12STRINGTHEORYsb
  422410 FORMATTIME@F12STRINGTHEORYsb
  422490 FORMATTIME@F12STRINGTHEORYsbsb
  422528 LINEENDINGS@F12STRINGTHEORYll
  4228F8 MERGEXML@F12STRINGTHEORYsbl
  422A24 GUNZIP@F12STRINGTHEORYl
  422DC4 GZIP@F12STRINGTHEORYl
  423168 LOADNORMALIZE@F12STRINGTHEORY
  423254 LOADLIBS@F12STRINGTHEORY
  42340C PEEKRAM@F12STRINGTHEORY12STRINGTHEORYUlll
  4237C0 PEEKRAM@F12STRINGTHEORYUlll
  4238CC PEEKRAM@F12STRINGTHEORYl
  4238E0 CLEANFILENAME@F12STRINGTHEORYOsbOsb
  423A4C GUIDDECODE@F12STRINGTHEORY
  423A58 GUIDENCODE@F12STRINGTHEORYl
  423CD0 URLDECODE@F12STRINGTHEORYOsbOsb
  424008 URLENCODE@F12STRINGTHEORYlOsbOsbOsb
  4249F0 URLENCODE@F12STRINGTHEORYsblsbsbsb
  424B18 _COLORFROMCSL@F12STRINGTHEORYsb
  424D1C _COLORFROMHEX@F12STRINGTHEORYsb
  424F0C _COLORTOHEX@F12STRINGTHEORYl
  424FE4 COLORTOLONG@F12STRINGTHEORYsb
  425300 COLORFROMHEX@F12STRINGTHEORYsb
  425340 COLORTOHEX@F12STRINGTHEORYsbl
  42814C REPLACELAST@F12STRINGTHEORYsbsblll
  428234 FINDLAST@F12STRINGTHEORYsblll
  42828C REPLACENTH@F12STRINGTHEORYsbsbllll
  42837C FINDNTH@F12STRINGTHEORYsbllll
  42867C FINDCHARS@F12STRINGTHEORYsbllsb
  42872C FINDCHARS@F12STRINGTHEORYsbllRsb
  4287CC FINDCHARS@F12STRINGTHEORYRsbllRsb
  428874 FINDCHARS@F12STRINGTHEORYsbll
  428910 FINDCHARS@F12STRINGTHEORYRsbll
  428990 FINDCHARS@F12STRINGTHEORYsbl
  428A10 FINDCHARS@F12STRINGTHEORYRsbl
  428A54 FINDCHARS@F12STRINGTHEORYsb
  428A98 FINDCHARS@F12STRINGTHEORYRsb
  428AAC FINDCHARSADDR@F12STRINGTHEORYRsbll
  428B90 FINDENDOFSTRING@F12STRINGTHEORYlll
  428C40 _MEMICHR@F12STRINGTHEORYlll
  428CB0 _MEMICHRS@F12STRINGTHEORYRsbll
  428D94 _MEMCHRS@F12STRINGTHEORYRsbll
  428E50 REMOVEBYTE@F12STRINGTHEORYUc
  428F14 REPLACEBYTE@F12STRINGTHEORYUcUc
  428F80 COUNTBYTE@F12STRINGTHEORYUcll
  428FF8 COUNTBYTE@F12STRINGTHEORYUcl
  429050 COUNTBYTE@F12STRINGTHEORYUc
  429090 FINDBYTE@F12STRINGTHEORYUcllRsb
  4290FC FINDBYTE@F12STRINGTHEORYUcllsb
  429180 FINDBYTE@F12STRINGTHEORYUcll
  4291E4 FINDBYTE@F12STRINGTHEORYUcl
  429250 FINDBYTE@F12STRINGTHEORYUc
  429288 FINDCHAR@F12STRINGTHEORYsbllRsb
  429314 FINDCHAR@F12STRINGTHEORYsbllsb
  4293B0 FINDCHAR@F12STRINGTHEORYsbll
  429438 FINDCHAR@F12STRINGTHEORYsbl
  4294D0 FINDCHAR@F12STRINGTHEORYsb
  429530 UNQUOTE@F12STRINGTHEORYOsbOsb
  429608 QUOTE@F12STRINGTHEORYOsbOsb
  42974C INSERTEVERY@F12STRINGTHEORYlRsb
  42987C INSERTEVERY@F12STRINGTHEORYlsb
  4298B4 INSERT@F12STRINGTHEORYlRsb
  429ABC INSERT@F12STRINGTHEORYlsb
  429AF4 INSERT@F12STRINGTHEORYl12STRINGTHEORY
  429B1C SETSLICE@F12STRINGTHEORYllsb
  429B98 STR@F12STRINGTHEORYRsb
  429BEC STR@F12STRINGTHEORYsb
  429C5C STR@F12STRINGTHEORY
  429C94 REVERSEBYTEORDER@F12STRINGTHEORY
  429CA0 LITTLEENDIAN@F12STRINGTHEORYUl
  429CAC BIGENDIAN@F12STRINGTHEORYUl
  429CB8 SWITCHENDIAN@F12STRINGTHEORYUl
  429CF0 LITTLEENDIAN@F12STRINGTHEORY
  429D20 BIGENDIAN@F12STRINGTHEORY
  429D50 _SWITCHENDIAN@F12STRINGTHEORY
  429DA0 MATCHBRACKETS@F12STRINGTHEORYsbsbl
  429FB8 KEEPCHARS@F12STRINGTHEORYsb
  42A154 KEEPCHARS@F12STRINGTHEORYsbsb
  42A28C REMOVECHARS@F12STRINGTHEORYsb
  42A3DC ISALL@F12STRINGTHEORYsbOsbl
  42A4CC ISASCII@F12STRINGTHEORY
  42A4FC CONTAINSCHAR@F12STRINGTHEORYsbsb
  42A578 CONTAINSCHAR@F12STRINGTHEORYsbRsb
  42A5F4 CONTAINSCHAR@F12STRINGTHEORYsb
  42A65C CONTAINSBYTE@F12STRINGTHEORYUcsb
  42A6A0 CONTAINSBYTE@F12STRINGTHEORYUcRsb
  42A6E8 CONTAINSBYTE@F12STRINGTHEORYUc
  42A710 CONTAINSA@F12STRINGTHEORYsbOsbl
  42A810 ISALLLOWER@F12STRINGTHEORY
  42A848 ISLOWER@F12STRINGTHEORY
  42A880 ISALLUPPER@F12STRINGTHEORY
  42A8B8 ISUPPER@F12STRINGTHEORY
  42A8F0 ISEMPTY@F12STRINGTHEORY
  42A928 ISALLDIGITS@F12STRINGTHEORY
  42A960 CONTAINSADIGIT@F12STRINGTHEORY
  42A998 SQUEEZE@F12STRINGTHEORYlOsbl
  42AAC4 SETALL@F12STRINGTHEORYl
  42AB0C ALL@F12STRINGTHEORYl
  42AB58 SETRIGHT@F12STRINGTHEORYllOsb
  42ABD4 RIGHT@F12STRINGTHEORYllOsb
  42AD78 SETLEFT@F12STRINGTHEORYllOsb
  42ADF4 LEFT@F12STRINGTHEORYllOsb
  42AFBC REVERSE@F12STRINGTHEORY
  42B044 REVERSE@F12STRINGTHEORYsb
  42B0FC TRIM@F12STRINGTHEORYsb
  42B1B8 TRIM@F12STRINGTHEORY
  42B25C CLIP@F12STRINGTHEORYsb
  42B314 CLIP@F12STRINGTHEORY
  42B380 TAIL@F12STRINGTHEORYl
  42B3C0 TOP@F12STRINGTHEORYl
  42B3E4 REMOVELEADING@F12STRINGTHEORYsbl
  42B4AC REMOVEFROMPOSITION@F12STRINGTHEORYll
  42B558 REMOVE@F12STRINGTHEORYsbOsblll
  42BA5C REMOVE@F12STRINGTHEORYsbOsbll
  42BBB8 REMOVE@F12STRINGTHEORYsbOsbl
  42BD1C REMOVE@F12STRINGTHEORYsbsb
  42BE1C REMOVE@F12STRINGTHEORYsb
  42BEC0 CHARTODECENTITY@F12STRINGTHEORYll
  42C068 DECENTITYTOCHAR@F12STRINGTHEORY
  42C4BC HTMLENTITYTODEC@F12STRINGTHEORY
  42E334 REMOVEXMLPREFIXES@F12STRINGTHEORY
  42E3DC REMOVEATTRIBUTES@F12STRINGTHEORYsbl
  42E5D0 COUNTWORDS@F12STRINGTHEORYllOsbl
  42E68C WORDEND@F12STRINGTHEORYllOsbl
  42EA8C WORDSTART@F12STRINGTHEORYlllOsb
  42ECDC GETWORD@F12STRINGTHEORYlllOsbl
  42ED48 FINDWORD@F12STRINGTHEORYlllRlRlOsbl
  42EF60 GETBYTES@F12STRINGTHEORYRusbl
  42F3A4 SETBYTES@F12STRINGTHEORYRusbl
  42F8D4 GETBYTES@F12STRINGTHEORYRspl
  42F8F4 GETBYTES@F12STRINGTHEORYRsbl
  42F914 GETBYTES@F12STRINGTHEORYRscl
  42F934 GETBYTES@F12STRINGTHEORYRel
  42F958 GETBYTES@F12STRINGTHEORYRdl
  42F974 GETBYTES@F12STRINGTHEORYRfl
  42F990 GETBYTES@F12STRINGTHEORYRUll
  42F9AC GETBYTES@F12STRINGTHEORYRll
  42F9C0 GETBYTES@F12STRINGTHEORYRUsl
  42F9DC GETBYTES@F12STRINGTHEORYRsl
  42F9F8 GETBYTES@F12STRINGTHEORYRUcl
  42FA14 SETBYTES@F12STRINGTHEORYRsp
  42FA38 SETBYTES@F12STRINGTHEORYRsb
  42FA48 SETBYTES@F12STRINGTHEORYRsc
  42FA68 SETBYTES@F12STRINGTHEORYRe
  42FAAC SETBYTES@F12STRINGTHEORYRd
  42FAC0 SETBYTES@F12STRINGTHEORYRf
  42FAD4 SETBYTES@F12STRINGTHEORYRUl
  42FAE8 SETBYTES@F12STRINGTHEORYRl
  42FAFC SETBYTES@F12STRINGTHEORYRUs
  42FB10 SETBYTES@F12STRINGTHEORYRs
  42FB24 SETBYTES@F12STRINGTHEORYRUc
  42FB38 FROMBYTES@F12STRINGTHEORYRsbRspl
  42FB5C FROMBYTES@F12STRINGTHEORYRsbRsbl
  42FB80 FROMBYTES@F12STRINGTHEORYRsbRscl
  42FBA4 FROMBYTES@F12STRINGTHEORYRsbRel
  42FBF0 FROMBYTES@F12STRINGTHEORYRsbRdl
  42FC28 FROMBYTES@F12STRINGTHEORYRsbRfl
  42FC60 FROMBYTES@F12STRINGTHEORYRsbRUll
  42FC98 FROMBYTES@F12STRINGTHEORYRsbRll
  42FCD0 FROMBYTES@F12STRINGTHEORYRsbRUsl
  42FD08 FROMBYTES@F12STRINGTHEORYRsbRsl
  42FD40 FROMBYTES@F12STRINGTHEORYRsbRUcl
  42FD78 TOBYTES@F12STRINGTHEORYRsbRsbl
  42FD9C TOBYTES@F12STRINGTHEORYRspRsbl
  42FDC8 TOBYTES@F12STRINGTHEORYRscRsbl
  42FDEC TOBYTES@F12STRINGTHEORYReRsbl
  42FE0C TOBYTES@F12STRINGTHEORYRdRsbl
  42FE44 TOBYTES@F12STRINGTHEORYRfRsbl
  42FE7C TOBYTES@F12STRINGTHEORYRUlRsbl
  42FEB4 TOBYTES@F12STRINGTHEORYRlRsbl
  42FEEC TOBYTES@F12STRINGTHEORYRUsRsbl
  42FF20 TOBYTES@F12STRINGTHEORYRsRsbl
  42FF54 TOBYTES@F12STRINGTHEORYRUcRsbl
  42FF84 STRCPY@F12STRINGTHEORYRsbRsbl
  430030 WRAPTEXT@F12STRINGTHEORYlll
  430624 FROMHEX@F12STRINGTHEORY
  430704 TOHEX@F12STRINGTHEORYll
  430804 HEXTOSTRING@F12STRINGTHEORYsb
  430A54 STRINGTOHEX@F12STRINGTHEORYsbll
  430A98 STRINGTOHEX@F12STRINGTHEORYRsbll
  430BA8 LONGTOHEX@F12STRINGTHEORYl
  430C58 HEXTOBYTE@F12STRINGTHEORYsb
  430CAC BYTETOHEX@F12STRINGTHEORYUc
  430D0C BASETODEC@F12STRINGTHEORYsbl
  430EB8 DECTOBASE@F12STRINGTHEORYlll
  431020 ISVALIDUTF8@F12STRINGTHEORY
  431070 NORMALIZE@F12STRINGTHEORYll
  431334 UTF16TOUTF8CHAR@F12STRINGTHEORYsbRl
  431594 DECODEHEXINLINE@F12STRINGTHEORYsbll
  43176C DECODEHEXINLINE@F12STRINGTHEORYl
  4317E0 TOUNICODE@F12STRINGTHEORYll
  43199C TOANSI@F12STRINGTHEORYlll
  431B80 TOANSI@F12STRINGTHEORYll
  431D90 APIANSITOUTF8@F12STRINGTHEORYRsbRl
  431DC4 APIUTF8TOANSI@F12STRINGTHEORYRsbRl
  431DF8 ANSITOUTF8@F12STRINGTHEORYRsbRll
  431F08 UTF8TOANSI@F12STRINGTHEORYRsbRll
  432004 UTF16TO8@F12STRINGTHEORYRsbRll
  43221C UTF8TO16@F12STRINGTHEORYRsbRl
  432354 UTF16TOANSI@F12STRINGTHEORYRsbRllUl
  4324CC ANSITOUTF16@F12STRINGTHEORYRsbRlUl
  432614 LONGDIVISION@F12STRINGTHEORYlRll
  432794 CHANGEBASE@F12STRINGTHEORYll
  432884 FROMBLOB@F12STRINGTHEORYBb
  43297C TOBLOB@F12STRINGTHEORYBb
  432A94 SETAFTERNTH@F12STRINGTHEORYsblllll
  432B3C SETAFTERLAST@F12STRINGTHEORYsbllll
  432BF4 SETAFTER@F12STRINGTHEORYsbllll
  432D50 AFTERNTH@F12STRINGTHEORYsbllll
  432DEC AFTERLAST@F12STRINGTHEORYsblll
  432EA8 AFTER@F12STRINGTHEORYsblll
  43300C FINDBETWEENPOSITION@F12STRINGTHEORYsbsbRlRlll
  433294 SETBETWEEN@F12STRINGTHEORYsbsblllll
  43336C FINDBETWEEN@F12STRINGTHEORYsbsbRlRlll
  433418 BETWEEN@F12STRINGTHEORYsbsbllll
  43349C SETBEFORENTH@F12STRINGTHEORYsblllll
  433544 SETBEFORELAST@F12STRINGTHEORYsbllll
  4335F4 SETBEFORE@F12STRINGTHEORYsbllll
  43374C BEFORENTH@F12STRINGTHEORYsbllll
  4337D0 BEFORELAST@F12STRINGTHEORYsblll
  433874 BEFORE@F12STRINGTHEORYsblll
  4339C0 ADDBOM@F12STRINGTHEORYl
  433AAC SETENCODINGFROMBOM@F12STRINGTHEORYl
  433BA8 SAVEFILEA@F12STRINGTHEORYsbsbl
  433C0C SAVEFILE@F12STRINGTHEORYRsbsbll
  433E7C SAVEFILE@F12STRINGTHEORYsbl
  433EF8 LOADFILE@F12STRINGTHEORYsblll
  434334 URLPARAMETER@F12STRINGTHEORYsbOsb
  4345D8 URLPARAMETERSONLY@F12STRINGTHEORYOsb
  434738 URLFILEONLY@F12STRINGTHEORYOsb
  434940 URLPATHONLY@F12STRINGTHEORYOsbl
  434B24 URLPORTONLY@F12STRINGTHEORYOsb
  434CF4 URLHOSTONLY@F12STRINGTHEORYOsbl
  434EFC URLPROTOCOLONLY@F12STRINGTHEORYOsb
  435028 PATHONLY@F12STRINGTHEORYOsb
  435148 FILENAMEONLY@F12STRINGTHEORYOsbl
  4353D8 LOWER@F12STRINGTHEORYOsbOsb
  4354FC UPPER@F12STRINGTHEORYOsbOsb
  435620 TRACE@F12STRINGTHEORYOsb
  4357D4 TRACE@F12STRINGTHEORYBq
  4358B0 TOCSTRING@F12STRINGTHEORY
  435960 GETCODEPAGEFROMCHARSET@F12STRINGTHEORYOl
  435A20 SUB@F12STRINGTHEORYll
  435AB4 FILTER@F12STRINGTHEORYsbsbll
  435E20 SORT@F12STRINGTHEORYl
  435E60 SORT@F12STRINGTHEORYlsbOsbOsbll
  435F60 SPLITBETWEEN@F12STRINGTHEORYsbsbll
  4360AC SPLITBYMATCH@F12STRINGTHEORYsbl
  4361D4 SPLITEVERY@F12STRINGTHEORYl
  4362C0 SPLIT@F12STRINGTHEORYsbOsbOsblllOsbl
  436424 SLICE@F12STRINGTHEORYll
  436498 ADJUSTLENGTH@F12STRINGTHEORYl
  4364CC SETLENGTH@F12STRINGTHEORYll
  436624 REMOVEHTML@F12STRINGTHEORY
  436750 REPLACESINGLECHARS@F12STRINGTHEORYsbsbl
  43684C REPLACESINGLECHARS@F12STRINGTHEORYsbsb
  436928 REPLACEEXCEPTBETWEEN@F12STRINGTHEORYsbOsbsbsbllll
  436CE0 REPLACEBETWEEN@F12STRINGTHEORYsbOsbsbsblllll
  4370E4 REPLACE@F12STRINGTHEORYsbsbllll
  437460 REPLACE@F12STRINGTHEORYsbsblllll
  437624 RECORDS@F12STRINGTHEORY
  43763C MAKEGUID4@F12STRINGTHEORYl
  4376FC MAKEGUID@F12STRINGTHEORYll
  43771C SETRANDOM@F12STRINGTHEORYllOsb
  437C6C RANDOM@F12STRINGTHEORYllOsb
  437CE4 SEEDRANDOM@F12STRINGTHEORY
  437D38 PREPEND@F12STRINGTHEORY12STRINGTHEORY
  437D60 PREPEND@F12STRINGTHEORY12STRINGTHEORYsb
  437DBC PREPEND@F12STRINGTHEORY12STRINGTHEORYlsb
  437E54 PREPEND@F12STRINGTHEORYRsb
  437F50 PREPEND@F12STRINGTHEORYsb
  437F88 PREPEND@F12STRINGTHEORYsblsb
  4381F8 PREPEND@F12STRINGTHEORYsbl
  438290 MD5@F12STRINGTHEORYlPsbl
  438340 _MALLOC@F12STRINGTHEORYlll
  4384A8 CHARS@F12STRINGTHEORYlOsb
  4385D8 RESERVECAPACITY@F12STRINGTHEORYl
  438614 RELEASESPARECAPACITY@F12STRINGTHEORY
  438634 SPARECAPACITY@F12STRINGTHEORY
  438640 CAPACITY@F12STRINGTHEORY
  438644 LEN@F12STRINGTHEORY
  438648 LENGTHA@F12STRINGTHEORY
  43864C LENGTH@F12STRINGTHEORY
  438650 JOIN@F12STRINGTHEORYsbOsbOsbl
  438A88 SERIALIZEGROUP@F12STRINGTHEORYRg12STRINGTHEORYOsbOsblll
  438FA4 SERIALIZEQUEUE@F12STRINGTHEORYBqOsb12STRINGTHEORYOsbOsblll
  439210 SERIALIZEGROUP@F12STRINGTHEORYRgOsbOsbOsblll
  4393A0 SERIALIZEQUEUE@F12STRINGTHEORYBqOsbOsbOsbOsblll
  43951C REMOVELINES@F12STRINGTHEORYsb
  43963C REMOVELINES@F12STRINGTHEORY
  4396B4 DELETELINE@F12STRINGTHEORYl
  439700 ADDLINE@F12STRINGTHEORYRsb
  439714 ADDLINE@F12STRINGTHEORYsb
  43974C ADDLINE@F12STRINGTHEORYlRsb
  43982C ADDLINE@F12STRINGTHEORYlsb
  439864 SETLINE@F12STRINGTHEORYl12STRINGTHEORY
  439894 SETLINE@F12STRINGTHEORYlRsb
  4399BC SETLINE@F12STRINGTHEORYlsb
  4399F4 INLINE@F12STRINGTHEORYsblllllll
  439E70 GETBUFFERLENGTH@F12STRINGTHEORY
  439E74 GETLINES@F12STRINGTHEORYllsb
  43A0DC GETLINE@F12STRINGTHEORYl
  43A18C GETVAL@F12STRINGTHEORY
  43A1A0 GETVALUE@F12STRINGTHEORYl
  43A1F4 GETVALUE@F12STRINGTHEORY
  43A22C FORMATMESSAGE@F12STRINGTHEORYl
  43A278 EXTENSIONONLY@F12STRINGTHEORYOsb
  43A3AC ERRORTRAP@F12STRINGTHEORYsbsbUc
  43A524 CAPITALIZE@F12STRINGTHEORYlllOsb
  43A6E8 COUNT@F12STRINGTHEORYsbllllll
  43AA6C FINDMATCHPOSITION@F12STRINGTHEORYsbRlRlll
  43AC00 FINDMATCH@F12STRINGTHEORYsbRlRlll
  43AC8C MATCH@F12STRINGTHEORYsbllll
  43AD7C INSTRING@F12STRINGTHEORYsblllll
  43B2BC INSTRING@F12STRINGTHEORYsbllll
  43B360 INSTRING@F12STRINGTHEORYRsblll
  43B3C8 INSTRING@F12STRINGTHEORYsblll
  43B460 INSTRING@F12STRINGTHEORYRsbll
  43B4F8 INSTRING@F12STRINGTHEORYsbll
  43B5DC INSTRING@F12STRINGTHEORYRsbl
  43B638 INSTRING@F12STRINGTHEORYsbl
  43B6D0 INSTRING@F12STRINGTHEORYRsb
  43B704 INSTRING@F12STRINGTHEORYsb
  43B76C CROP@F12STRINGTHEORYll
  43B800 CLIPLENGTH@F12STRINGTHEORY
  43B840 CLIPLEN@F12STRINGTHEORY
  43B84C FREELINES@F12STRINGTHEORY
  43B8AC FREE@F12STRINGTHEORYll
  43B95C FREE@F12STRINGTHEORYl
  43B9B4 FREE@F12STRINGTHEORY
  43B9E8 ZEROXDECODE@F12STRINGTHEORY
  43BB14 ZEROXENCODE@F12STRINGTHEORY
  43BC60 XMLDECODE@F12STRINGTHEORY
  43BDA8 XMLENCODE@F12STRINGTHEORYl
  43C418 JSONDECODE@F12STRINGTHEORY
  43C63C JSONENCODE@F12STRINGTHEORYl
  43C9BC ENCODEDWORDENCODE@F12STRINGTHEORYOsbl
  43CBA0 ENCODEDWORDDECODE@F12STRINGTHEORY
  43D1C0 QUOTEDPRINTABLEDECODE@F12STRINGTHEORY
  43D220 QUOTEDPRINTABLEENCODE@F12STRINGTHEORY
  43D400 BASE85DECODE@F12STRINGTHEORY
  43D75C BASE85ENCODE@F12STRINGTHEORYl
  43DC1C BASE64DECODE@F12STRINGTHEORYRsbRl
  43DE70 BASE64DECODE@F12STRINGTHEORY
  43DED8 BASE64ENCODE@F12STRINGTHEORYRsbRl
  43E43C BASE64ENCODE@F12STRINGTHEORYl
  43E6BC BASE32DECODE@F12STRINGTHEORYlOsb
  43F0F4 BASE32ENCODE@F12STRINGTHEORYlOsb
  43F674 GETADDRESS@F12STRINGTHEORY
  43F678 GETVALUEPTR@F12STRINGTHEORYll
  43F6F0 GETVALUEPTR@F12STRINGTHEORYl
  43F754 GETVALUEPTR@F12STRINGTHEORY
  43F794 ABBREVIATE@F12STRINGTHEORYlll
  43F8BC ASSIGN@F12STRINGTHEORYsb
  43F8F0 ASSIGN@F12STRINGTHEORYRsb
  43F900 SWAP@F12STRINGTHEORY12STRINGTHEORY
  43F908 _STEALVALUE@F12STRINGTHEORYRsb
  43F94C _STEALVALUE@F12STRINGTHEORY12STRINGTHEORY
  43F9F0 _SETVALUEPOINTER@F12STRINGTHEORYllll
  43FB58 _GETNEXTBUFFERSIZE@F12STRINGTHEORYl
  43FBFC EQUALS@F12STRINGTHEORYsbl
  43FCD0 EQUALS@F12STRINGTHEORY12STRINGTHEORYl
  43FDAC _EQUALSUNICODE@F12STRINGTHEORY12STRINGTHEORYl
  43FF1C _EQUALSUNICODE@F12STRINGTHEORYRsbl
  43FFDC SETVALUEBYCSTRINGADDRESS@F12STRINGTHEORYll
  440094 SETVALUEBYADDRESS@F12STRINGTHEORYll
  4401F4 SETVALUE@F12STRINGTHEORYRsbl
  44038C SETVALUE@F12STRINGTHEORYsbl
  4403BC SETVALUE@F12STRINGTHEORY12STRINGTHEORYl
  440420 SETVALUE@F12STRINGTHEORY12STRINGTHEORY
  440514 CATADDR@F12STRINGTHEORYll
  4406A0 CAT@F12STRINGTHEORYRUc
  440750 CAT@F12STRINGTHEORYRsbl
  440834 CAT@F12STRINGTHEORYRsb
  44091C CAT@F12STRINGTHEORYsbl
  4409E4 CAT@F12STRINGTHEORYsb
  440AA8 CAT@F12STRINGTHEORY12STRINGTHEORYl
  440B84 CAT@F12STRINGTHEORY12STRINGTHEORY
  440C58 APPEND@F12STRINGTHEORY12STRINGTHEORY
  440D2C APPEND@F12STRINGTHEORY12STRINGTHEORYsb
  440D70 APPEND@F12STRINGTHEORY12STRINGTHEORYlsb
  440E9C APPEND@F12STRINGTHEORYRsblsb
  4410A4 APPEND@F12STRINGTHEORYsblsb
  441134 APPEND@F12STRINGTHEORYRsbl
  4411B4 APPEND@F12STRINGTHEORYsbl
  44120C APPEND@F12STRINGTHEORYRsb
  4412F4 APPEND@F12STRINGTHEORYsb
  4413B8 APPENDBINARY@F12STRINGTHEORYll
  4413E0 APPENDA@F12STRINGTHEORYsblOsb
  441480 FLUSH@F12STRINGTHEORY12STRINGTHEORY
  4414AC FLUSH@F12STRINGTHEORYRsb
  441544 FLUSH@F12STRINGTHEORYsb
  44157C FLUSH@F12STRINGTHEORY
  441640 FLUSHANDKEEP@F12STRINGTHEORY
  4416D0 NOSTREAM@F12STRINGTHEORY
  4416E8 STREAM@F12STRINGTHEORYsbll
  441984 START@F12STRINGTHEORYl
  441A4C DESTRUCT@F12STRINGTHEORY
  441AA8 CONSTRUCT@F12STRINGTHEORY
  442B40 ds__TestStack
  442EAC ds__SaveStack
  442FBC ds__GetCurrentRegisters2
  4434F0 DS_NIB2HEX@Fl
  443548 DS_ADDFIELDEQUATE@Fsbsbl
  443624 WINACCEPT
  443D94 ds_Sleep
  443DF4 ds_FormatFastTime
  443F78 ds_FastClock
  444334 ds_LoadDLLProc
  44478C ds_WinError
  444878 ds_ErrorSet
  4448EC ds_ErrorReset
  44497C ds_ErrorCode
  44498C ds_Error
  445F68 ds_GetFolderPath
  446174 ds_OutputDebugString
  44621C ds_Trace
  44624C ds_Debug
  44836C ds_FormatHex
  448500 ds_VisibleOnAppframe
  448BE0 ds_VisibleOnDesktop
  449A88 ds_SetEndSessionHandler
  449AB8 ds_SetOkToEndSessionHandler
  449AE8 WinWtsID
  449AF8 WinWtsEvent
  449B38 WinAlertMouseZoom
  449B78 WinAlert
  449EAC WinSysEvent
  449EEC WinEvent
  44A7D4 DEBUG@F10XFILESTREEl
  44A7D8 DISPOSEQUEUE@F10XFILESTREEBql
  44A7EC DISPOSEGROUP@F10XFILESTREERgl
  44A808 XMLTOHTML@F10XFILESTREEsb
  44A898 XMLTOHTML@F10XFILESTREE12STRINGTHEORY
  44AB48 SETATTRIBUTE@F10XFILESTREEBiBfsbsb
  44AC6C SETPICTURE@F10XFILESTREEBiBfsbsb
  44AD94 SETTYPE@F10XFILESTREEBiBfsbl
  44AEAC PARSE@F10XFILESTREEBi
  44AEDC PARSE@F10XFILESTREEBf
  44AF04 PARSE@F10XFILESTREEBq
  44AF2C PARSE@F10XFILESTREERg
  44AF60 _CACHEPRIVATE@F10XFILESTREE
  44B028 SETASATTRIBUTE@F10XFILESTREEsbsbOsb
  44B1C8 FINDUNIQUEKEY@F10XFILESTREEBfBk
  44B3D0 ADDQUEUERECORD@F10XFILESTREEBqRscl
  44B400 UPDATEFILERECORD@F10XFILESTREEBf
  44B4E0 INSERTFILERECORD@F10XFILESTREEBf
  44B5C0 NEWPOINTER@F10XFILESTREERscRsc
  44B5C4 ASSIGNFIELD@F10XFILESTREERscRscsb
  44B5E0 ASSIGNMISSINGFIELD@F10XFILESTREERscRsc
  44B5E4 ASSIGNVALUE@F10XFILESTREERscRscRu12STRINGTHEORY
  44B610 XMLTOTABLE@F10XFILESTREERsc7XMLTREEBf
  44B6C8 FILLBLOB@F10XFILESTREERsc7XMLTREEBfl
  44B914 FILLBLOBS@F10XFILESTREERsc7XMLTREEBf
  44B9E0 FILLFIELD@F10XFILESTREERscRsc7XMLTREEBfRll
  44BAA0 FILLFIELD@F10XFILESTREERscRsc7XMLTREERgRll
  44C590 FILLATTRIBUTE@F10XFILESTREERscRsc7XMLTREERscRu
  44C7CC FILLSTRUCTURE@F10XFILESTREERsc7XMLTREERg
  44CFFC _ADDVIEWRECORDNESTED@F10XFILESTREEBiRsc
  44D104 _ADDVIEWRECORDFLAT@F10XFILESTREEBiRsc7XMLTREEsb
  44D780 _ADDVIEWFIELD@F10XFILESTREEBilRsc7XMLTREE
  44DB28 _ADDVIEWNODE@F10XFILESTREEBiRscl
  44DEB8 _SAVEFIELDVALUES@F10XFILESTREEBil
  44E144 _CLEARCHILDVALUES@F10XFILESTREEl
  44E258 _ISDIFFERENT@F10XFILESTREEBi
  44E53C _GETHASH@F10XFILESTREEBfl
  44E764 SETVIEWBOUNDARY@F10XFILESTREEBiBfsbsb
  44E810 SETVIEWBOUNDARY@F10XFILESTREEBiBfsb
  44E860 BUILDTABLEQUEUE@F10XFILESTREEBi
  44EFB0 WITHVIEWFIELDNUMBER@F10XFILESTREEl
  44EFF0 WITHTABLE@F10XFILESTREEBf
  44F03C FREETABLEQUEUE@F10XFILESTREE
  44F098 SETDEMOMODE@F10XFILESTREEUcOsb
  44F100 SETSKIPRECORDS@F10XFILESTREEl
  44F108 GETSKIPRECORDS@F10XFILESTREE
  44F110 GETRECORDS@F10XFILESTREE
  44F11C GETRECORDSUPDATED@F10XFILESTREE
  44F124 GETRECORDSINSERTED@F10XFILESTREE
  44F12C GETFREEQUEUEBEFORELOAD@F10XFILESTREE
  44F134 SETFREEQUEUEBEFORELOAD@F10XFILESTREEUc
  44F13C GETFREEGROUPBEFORELOAD@F10XFILESTREE
  44F144 SETFREEGROUPBEFORELOAD@F10XFILESTREEUc
  44F14C GETFREEFILEBEFORELOAD@F10XFILESTREE
  44F154 SETFREEFILEBEFORELOAD@F10XFILESTREEUc
  44F15C GETNOMEMO@F10XFILESTREE
  44F160 SETNOMEMO@F10XFILESTREEUc
  44F16C GETNESTVIEWRECORDS@F10XFILESTREE
  44F174 SETNESTVIEWRECORDS@F10XFILESTREEUc
  44F17C GETOMITTEDNUMERICDEFAULTVALUE@F10XFILESTREE
  44F190 SETOMITTEDNUMERICDEFAULTVALUE@F10XFILESTREEd
  44F1A0 GETOMITTEDSTRINGDEFAULTVALUE@F10XFILESTREE
  44F1BC SETOMITTEDSTRINGDEFAULTVALUE@F10XFILESTREEsb
  44F1F8 GETWRITEOMITTEDNUMERIC@F10XFILESTREE
  44F200 SETWRITEOMITTEDNUMERIC@F10XFILESTREEUc
  44F208 GETWRITEOMITTEDSTRING@F10XFILESTREE
  44F210 SETWRITEOMITTEDSTRING@F10XFILESTREEUc
  44F218 GETUPDATETABLEONLOAD@F10XFILESTREE
  44F220 GETUPDATEFILEONLOAD@F10XFILESTREE
  44F228 SETUPDATETABLEONLOAD@F10XFILESTREEUc
  44F230 SETUPDATEFILEONLOAD@F10XFILESTREEUc
  44F238 GETCOLUMNDISABLED@F10XFILESTREERscRsc
  44F278 SETCOLUMNDISABLED@F10XFILESTREERscRscl
  44F2F0 CLEARCOLUMNDISABLED@F10XFILESTREEOsb
  44F374 AFTERREFLECTIONPARSE@F10XFILESTREEsbBi
  44F390 AFTERREFLECTIONPARSE@F10XFILESTREEsbBf
  44F3AC AFTERREFLECTIONPARSE@F10XFILESTREEsbBq
  44F3C8 AFTERREFLECTIONPARSE@F10XFILESTREEsbRg
  44F3E4 CALCPROGRESS@F10XFILESTREEl
  44F538 CALCPROGRESS@F10XFILESTREE
  44F5D4 VALIDATEFIELD@F10XFILESTREEsbl
  44F5F8 VALIDATEUPDATERECORD@F10XFILESTREE
  44F600 VALIDATERECORD@F10XFILESTREE
  44F608 LOAD@F10XFILESTREERgsb
  44F7B0 LOAD@F10XFILESTREERg12STRINGTHEORYsb
  44F828 LOAD@F10XFILESTREERgsbsb
  44F8BC LOAD@F10XFILESTREERgRsblsbsb
  44F9D8 LOAD@F10XFILESTREERgRsbRl
  44FA30 LOAD@F10XFILESTREERgsbsbsb
  44FB28 _LOAD@F10XFILESTREE7XMLTREEBqRscsbsbl
  45024C LOAD@F10XFILESTREEBqsbsb
  4503C8 LOAD@F10XFILESTREEBq12STRINGTHEORYsbsb
  450478 LOAD@F10XFILESTREEBqsbsbsb
  450528 LOAD@F10XFILESTREEBqRsblsbsb
  450610 LOAD@F10XFILESTREEBqRsbRl
  450660 LOAD@F10XFILESTREEBqsb
  4506C4 LOAD@F10XFILESTREEBfRsblsbsb
  4507AC LOAD@F10XFILESTREEBfRsbRl
  4507FC LOAD@F10XFILESTREEBf12STRINGTHEORYsbsblll
  450890 LOAD@F10XFILESTREEBfsbsbsblll
  450940 LOAD@F10XFILESTREEBfsb
  4509B4 LOAD@F10XFILESTREEBfsbsb
  4514A0 SAVE@F10XFILESTREERg12STRINGTHEORYsbOsblll
  45159C SAVE@F10XFILESTREERgsbsbOsblll
  4516DC SAVE@F10XFILESTREERgsb
  4517B0 SAVE@F10XFILESTREEBq12STRINGTHEORYsb
  45180C SAVE@F10XFILESTREEBq12STRINGTHEORYsbsblll
  451950 SAVE@F10XFILESTREEBqsbsbsblll
  451A84 SAVE@F10XFILESTREEBqsbsb
  451B14 SAVE@F10XFILESTREEBi12STRINGTHEORYsbOsblll
  451C48 SAVE@F10XFILESTREEBiOsbsbsblll
  451D78 SAVE@F10XFILESTREEBisb
  451DCC SAVE@F10XFILESTREEBisbsb
  451E5C SAVE@F10XFILESTREEBf12STRINGTHEORYsbsblll
  451F50 SAVE@F10XFILESTREEBfsbsbsblll
  452084 SAVE@F10XFILESTREEBfsbsb
  452114 ADD@F10XFILESTREERgRscsbsbl
  4522C4 ADD@F10XFILESTREERgsbsbsb
  452380 ADD@F10XFILESTREERgsbsb
  452428 ADD@F10XFILESTREERgsb
  4524C0 ADD@F10XFILESTREEBqRscsbsbl
  4527F8 ADD@F10XFILESTREEBqsbsbsb
  4528A8 ADD@F10XFILESTREEBqsbsb
  452944 ADD@F10XFILESTREEBiRscsbsbl
  452FE8 ADD@F10XFILESTREEBisbsbsb
  453094 ADD@F10XFILESTREEBisbsb
  453130 ADD@F10XFILESTREEBfRscsbsbl
  45353C ADD@F10XFILESTREEBfsbsbsb
  4535E8 ADD@F10XFILESTREEBfsbsb
  453684 OPEN@F10XFILESTREEsb
  4536D0 ADDBLOBSTONODE@F10XFILESTREE7XMLTREERscBfl
  453990 ADDMEMOSTONODE@F10XFILESTREE7XMLTREERscBfl
  453BCC ADDTONODE@F10XFILESTREE7XMLTREEBfRscsbl
  453CCC ADDTONODE@F10XFILESTREE7XMLTREERgRscsbl
  454280 ADDTONODE@F10XFILESTREE7XMLTREEBqRscsbsb
  4544B4 ADDTABLETONODE@F10XFILESTREE7XMLTREEBfRscsbsbl
  454790 ADDVALUETONODE@F10XFILESTREE7XMLTREERscRscsbUcUcl
  45484C ADDVALUETONODE@F10XFILESTREE7XMLTREERscRscRsbUcUcl
  4548F4 ADDVALUETONODE@F10XFILESTREE7XMLTREERscRsc12STRINGTHEORYUcUcl
  454D54 ASSIGNVALUE@F10XFILESTREE7XMLTREERscRscRgRlll
  455D98 DEFORMATVALUE@F10XFILESTREERscRscsb
  455E78 FORMATVALUE@F10XFILESTREERscRscsb
  455F4C FREEFILEDATA@F10XFILESTREEBf
  455F78 START@F10XFILESTREE
  456114 DESTRUCT@F10XFILESTREE
  4561AC CONSTRUCT@F10XFILESTREE
  456264 _FLATTEN@F7XMLTREE12STRINGTHEORYsb
  456488 FLATTEN@F7XMLTREE12STRINGTHEORY
  4564D8 GETDONTSAVEBLANKGROUPS@F7XMLTREE
  4564E4 SETDONTSAVEBLANKGROUPS@F7XMLTREEUc
  456510 GETDONTSAVEFALSEBOOLEANS@F7XMLTREE
  45651C SETDONTSAVEFALSEBOOLEANS@F7XMLTREEUc
  456548 GETDONTSAVEBLANKATTRIBUTES@F7XMLTREE
  456554 SETDONTSAVEBLANKATTRIBUTES@F7XMLTREEUc
  456580 GETDONTSAVEBLANKS@F7XMLTREE
  45658C SETDONTSAVEBLANKS@F7XMLTREEUc
  4565B8 GETDONTABBREVIATEEMPTYTAGS@F7XMLTREE
  4565C4 SETDONTABBREVIATEEMPTYTAGS@F7XMLTREEl
  4565F4 GETADDARRAYINDEXTOTAG@F7XMLTREE
  456600 SETADDARRAYINDEXTOTAG@F7XMLTREEl
  456630 SETCRLF@F7XMLTREEsb
  456678 GETINDENT@F7XMLTREE
  456684 SETINDENT@F7XMLTREEl
  456690 SETINDENTSIZE@F7XMLTREEUc
  45669C SETMAXPREFIXLENGTH@F7XMLTREEl
  4566CC GETMAXPREFIXLENGTH@F7XMLTREE
  4566DC SETREPLACEMENTCHARS@F7XMLTREEsb
  45673C GETREPLACEMENTCHARS@F7XMLTREE
  456758 SETPREFIXCHARS@F7XMLTREEsb
  4567B8 GETPREFIXCHARS@F7XMLTREE
  4567D4 SETREPLACECHARS@F7XMLTREEUc
  456810 GETREPLACECHARS@F7XMLTREE
  456820 SETPREFIX@F7XMLTREEsb
  456880 GETPREFIX@F7XMLTREE
  45689C SETREMOVEPREFIX@F7XMLTREEl
  4568DC GETREMOVEPREFIX@F7XMLTREE
  4568EC SETTAGCASE@F7XMLTREEUc
  456928 GETTAGCASE@F7XMLTREE
  456948 GETCHUNK@F7XMLTREE
  456954 SETCHUNK@F7XMLTREEl
  456990 GETOMITXMLHEADER@F7XMLTREE
  456998 SETOMITXMLHEADER@F7XMLTREEl
  4569C4 GETFORCEDECIMALENCODE128@F7XMLTREE
  4569CC SETFORCEDECIMALENCODE128@F7XMLTREEl
  4569F8 GETDONTUTFDECODE@F7XMLTREE
  456A00 SETDONTUTFDECODE@F7XMLTREEUc
  456A28 GETLOADENCODING@F7XMLTREE
  456A48 SETLOADENCODING@F7XMLTREEsb
  456DB8 GETCODEPAGE@F7XMLTREE
  456DC0 SETCODEPAGE@F7XMLTREEOll
  456E94 GETTREEENCODING@F7XMLTREE
  456E9C SETTREEENCODING@F7XMLTREEl
  456EC4 GETSTANDALONE@F7XMLTREE
  456ED8 SETSTANDALONE@F7XMLTREEsb
  456F2C GETSAVEENCODING@F7XMLTREE
  456F4C SETSAVEENCODING@F7XMLTREEsb
  457364 GETVERSION@F7XMLTREE
  457394 SETVERSION@F7XMLTREEd
  4573D8 _USEPROPERTIES@F7XMLTREE19XFILESPROPERTYCLASS
  457458 _DETACHNODE@F7XMLTREE
  4574B8 ATTACHNODE@F7XMLTREE7XMLTREEl
  457524 REMOVENAMESPACEFROMTREE@F7XMLTREE
  45761C ISROW@F7XMLTREE
  457690 MAXDEPTH@F7XMLTREE
  45770C HASMULTIPLECHILDRENALLOFSAMENAME@F7XMLTREERsb
  457860 HASSIBLINGSOFSAMENAME@F7XMLTREE
  457900 HASATTRIBUTES@F7XMLTREE
  457918 HASCHILDNODE@F7XMLTREE
  457960 POSITION@F7XMLTREEsbl
  4579F4 GETVALUE@F7XMLTREEl
  457AEC GETVALUEBYNAME@F7XMLTREEsbl
  457B68 _GETNODEBYNAME@F7XMLTREEsblRlUc
  457D2C GETSIBLINGBYNAME@F7XMLTREEsb
  457D88 GETLASTNODEBYNAME@F7XMLTREEsbll
  457E38 GETBYNAME@F7XMLTREEsbll
  457E84 GETNODEBYNAME@F7XMLTREEsbll
  457F34 RECORDS@F7XMLTREE
  457F4C DELETEHEADER@F7XMLTREE
  45800C SETHEADER@F7XMLTREE
  45822C HASHEADER@F7XMLTREE
  4582B4 ADDNODE@F7XMLTREEsbl
  4583A4 ADDNODE@F7XMLTREEsbsbll
  45847C ADDNODE@F7XMLTREEsb12STRINGTHEORYll
  458530 GETCHILDWITHATTRIBUTE@F7XMLTREEsb
  4585C8 GETLASTCHILDNODE@F7XMLTREEsb
  458684 GETCHILDNODE@F7XMLTREEsbl
  458768 GET@F7XMLTREEl
  4587A8 GETCHILDVALUE@F7XMLTREEl
  458820 SETCHILD@F7XMLTREE12STRINGTHEORYl
  45887C SETCHILD@F7XMLTREEsbl
  458914 ADDCHILD@F7XMLTREElsbl
  458988 ADDCHILD@F7XMLTREEl12STRINGTHEORYl
  4589E4 DELETECHILD@F7XMLTREEl
  458A80 CREATECHILD@F7XMLTREEll
  458B74 SORTATTRIBUTES@F7XMLTREE
  458B88 DELETEATTRIBUTE@F7XMLTREEsb
  458C1C HASATTRIBUTE@F7XMLTREEsb
  458C98 GETATTRIBUTE@F7XMLTREEsb
  458D54 SETATTRIBUTE@F7XMLTREEsb12STRINGTHEORYUc
  458E64 SETATTRIBUTE@F7XMLTREEsbRsbUc
  458F9C SETATTRIBUTE@F7XMLTREEsbsbUc
  458FF0 CREATEATTRIBUTESSTRING@F7XMLTREE25XFILESATTRIBUTESQUEUETYPE12STRINGTHEORY
  45910C CREATEATTRIBUTESSTRING@F7XMLTREE25XFILESATTRIBUTESQUEUETYPE
  45927C CREATEATTRIBUTESSTRING@F7XMLTREE
  4592B0 SAVECHILDREN@F7XMLTREE7XMLTREE12STRINGTHEORYll
  459810 SAVENODE@F7XMLTREE7XMLTREE12STRINGTHEORYll
  459C84 SAVESTRING@F7XMLTREE12STRINGTHEORYlll
  459D68 SAVEFILE@F7XMLTREEsbll
  459E78 PARSEVALUE@F7XMLTREE12STRINGTHEORYl
  45A330 PARSETAG@F7XMLTREE12STRINGTHEORYl
  45A844 PARSEATTRIBUTES@F7XMLTREE12STRINGTHEORYl
  45B554 PARSEEXCLAIM@F7XMLTREE12STRINGTHEORYl12STRINGTHEORY
  45B6AC PARSEPROCESSINGINSTRUCTION@F7XMLTREE12STRINGTHEORYl12STRINGTHEORY
  45B7A8 PARSECDATA@F7XMLTREE12STRINGTHEORYl12STRINGTHEORY
  45B8A8 PARSECOMMENT@F7XMLTREE12STRINGTHEORYl12STRINGTHEORY
  45B9A8 LOADSTRING@F7XMLTREEsbl
  45BA48 LOADSTRING@F7XMLTREE12STRINGTHEORYl
  45BCB4 LOAD@F7XMLTREE12STRINGTHEORYl
  45BCBC _LOADNEXTCHUNK@F7XMLTREE12STRINGTHEORY
  45BDEC LOADFILE@F7XMLTREEsbl
  45BFB0 PARSEXMLHEADER@F7XMLTREE12STRINGTHEORY
  45C154 CHECKFORUTF16@F7XMLTREE12STRINGTHEORY
  45C25C FREEATTRIBUTES@F7XMLTREE
  45C2CC FREEVALUES@F7XMLTREE
  45C314 FREE@F7XMLTREEl
  45C34C NODESTART@F7XMLTREE
  45C350 CHECKPROPERTIES@F7XMLTREE
  45C38C ERRORTRAP@F7XMLTREEsb
  45C3C4 TRACE@F7XMLTREEsb
  45C474 START@F7XMLTREE
  45C4AC DESTRUCT@F7XMLTREE
  45C510 CONSTRUCT@F7XMLTREE
  45C52C START@F19XFILESPROPERTYCLASS
  45C6CC DESTRUCT@F19XFILESPROPERTYCLASS
  45C70C CONSTRUCT@F19XFILESPROPERTYCLASS
  45C768 _ASM_SaveStack
  45C774 _ASM_TestStack
  45C780 _ASM_Ulong64ToReal
  45C790 _ASM_ReadCPUTimeStamp
  45C7A8 _ASM_ReadCPUTimeStampDelta
  45D000 $DEFAULTERRORS
  45E2CC TYPE$COLORMAP
  45E2F8 TCB$COLORMAP
  45E4A4 STDERRORFILE$TYPE$RECORD
  45E4BC $STDERRORFILE
  45E538 TYPE$PNQ
  45E558 TYPE$DEFAULTERRORS
  45E7D8 TYPE$HISTHANDLERCLASS
  45E820 VMT$HISTHANDLERCLASS
  45E850 TYPE$MSGBOXCLASS
  45EAC8 VMT$MSGBOXCLASS
  45EB54 TYPE$ERRORCLASS
  45EDC0 VMT$ERRORCLASS
  45EE10 TYPE$STANDARDERRORLOGCLASS
  45EE48 VMT$STANDARDERRORLOGCLASS
  45EE60 TYPE$ERRORSTATUSCLASS
  45EF68 VMT$ERRORSTATUSCLASS
  45EF8C TYPE$UNTHREADEDFILEOPENERMAP
  45EFB0 TCB$UNTHREADEDFILEOPENERMAP
  45EFC0 TYPE$FILESMANAGER
  45F004 VMT$FILESMANAGER
  45F010 TYPE$FILEMAPPING_T
  45F03C TYPE$FILEMAPPING_R
  45F06C TYPE$STATUSQ_T
  45F0DC TYPE$FUZZYCLASS
  45F184 VMT$FUZZYCLASS
  45F1A4 TYPE$TOOLBARTARGETQUEUE
  45F1C0 TYPE$TOOLBARCLASS
  45F1D8 VMT$TOOLBARCLASS
  45F280 TYPE$INICLASS
  45F2C8 VMT$INICLASS
  45F358 TYPE$BUTTONLIST
  45F37C TYPE$COMPONENTLIST
  45F810 TYPE$XFILESTABLEQUEUETYPE
  45F89C TCB$XFILESTABLEQUEUETYPE
  45F8AC TYPE$DICTIONARY
  45F8BC VMT$DICTIONARY
  45F8C8 TYPE$CRITICALSECTION
  45F8E0 VMT$CRITICALSECTION
  45F8EC TYPE$CRITICALPROCEDURE
  45F904 VMT$CRITICALPROCEDURE
  45FF2C TYPE$REFLECTCLASS
  46018C VMT$REFLECTCLASS
  463140 TYPE$STRINGDEFORMAT
  463150 TYPE$STRINGTHEORY
  4632FC TYPE$STRINGFORMAT
  46330C TYPE$STRINGPICTURE
  463454 VMT$STRINGPICTURE
  4634F8 VMT$STRINGFORMAT
  463548 VMT$STRINGTHEORY
  463BDC VMT$STRINGDEFORMAT
  4656E0 TYPE$WTSNOTIFYQ
  4656FC TYPE$WE::WM_Q
  465728 TYPE$WE:DCB
  4657F0 TYPE$DS_VIEWDEBUGQ
  465990 P93$TCB$WINQ
  4659A0 TCB$DS_VIEWDEBUGQ
  4659B0 TCB$WE::WM_Q
  4659C0 TCB$WTSNOTIFYQ
  4659D0 TYPE$WA
  465A50 TYPE$MA
  465A6C TYPE$DS_GSMEVENTSQ
  465AA8 TYPE$WE:ICONQUEUE
  465AF4 TYPE$WE:ICONHANDLEQUEUE
  466648 TYPE$XFILESTREE
  4669F0 TYPE$XFILESPROPERTYCLASS
  466BD8 VMT$XFILESPROPERTYCLASS
  466C38 TYPE$XMLTREE
  466CB4 VMT$XMLTREE
  466F5C VMT$XFILESTREE
  4675E8 VMTP$DICTIONARY
  4675F8 VMTP$FILESMANAGER
  467600 VMTP$INICLASS
  467608 VMTP$TOOLBARCLASS
  467610 VMTP$HISTHANDLERCLASS
  467618 VMTP$MSGBOXCLASS
  467620 VMTP$ERRORCLASS
  467628 VMTP$STANDARDERRORLOGCLASS
  467630 VMTP$ERRORSTATUSCLASS
  467638 VMTP$FUZZYCLASS
  467640 VMTP$STRINGTHEORY
  467648 VMTP$STRINGFORMAT
  467650 VMTP$STRINGPICTURE
  467658 VMTP$STRINGDEFORMAT
  467660 VMTP$REFLECTCLASS
  467668 VMTP$XFILESTREE
  467670 VMTP$XFILESPROPERTYCLASS
  467678 VMTP$XMLTREE
  467680 VMTP$CRITICALSECTION
  467688 VMTP$CRITICALPROCEDURE
  467690 $FUZZYMATCHER
  468CB4 $WE:DEVCB
  46AB98 $COLORMAP
  46ABD0 $MULTIWINDOW
  46ABD4 $TXTWINDOW
  46ABD8 $WINDOW
  46ABDC STDERRORFILE$RECORD
  46AFDC $UNTHREADEDFILEOPENERMAP
  46AFE4 $CREATEOPENERCRIT
  46B0F4 $GLOREFLECTION
  46B188 $XFILESTABLEQUEUETYPE
  46B36C $GLOBALERRORS
  46B3A0 $INIMGR
  46B4B8 $WE::CANTCLOSENOW
  46B4BC $WE::MUSTCLOSE
  46B554 stNormalizeString
  46B558 $HNORMALIZ
  46B55C stInflateEnd
  46B560 stInflate
  46B564 stInflateInit2_
  46B568 stDeflateEnd
  46B56C stDeflate
  46B570 stDeflateInit2_
  46B574 $HZLIB
  46B578 $SEEDED
  46B57C $WE::CRITICALSECTION
  46B584 $NOTWINDOW
  46B588 $WTSNOTIFYQ
  46B58C $WE::WM_Q
  46B5AC $DS_VIEWDEBUGQ
  46B728 $BALLOON98DATA
  46B8B0 P93$WINQ
  46B9B4 $DS_APPLICATION
  46B9B8 $DS_VIEWDEBUGEVENTPENDING
  46B9BC $DS_VIEWDEBUGFREEZE
  46B9C0 $DS_VIEWDEBUGLISTMAX
  46B9C4 $DS_VIEWDEBUGIGNOREMOUSEMOVE
  46B9C8 $DS_VIEWDEBUGIGNORETIMER
  46B9CC $DS_VIEWDEBUGTHREAD
  46B9D0 OkToEndSessionHandler
  46B9D4 EndSessionHandler
  46B9D8 $DEBUGCLIENTHANDLE
  46B9DC $DEBUGHANDLE
  46B9E0 $VNOENDSESSION
  46B9E4 $VSERVICE
  46B9E8 $WATCHMESSAGES
  46B9EC $WENOPAINT
  46B9F0 WC_WTSUnRegisterSessionNotification
  46B9F4 WC_WTSRegisterSessionNotification
  46B9F8 WC_SHGetFolderPath
  46B9FC $WE::WM_TASKBARRESTART
  46BA00 $WINEVENTDEBUG
  46C0B8 $XFILES:CRITICALSECTION
  46D0B0 TCB$WA
  46D0C0 TCB$MA
  46D0D0 TCB$DS_GSMEVENTSQ
  46D0E0 TCB$WE:ICONQUEUE
  46D0F0 TCB$WE:ICONHANDLEQUEUE
  46D100 $VUSERPOSTEDMESSAGE
  46D110 $GLOBALERRORSTATUS
  46E534 $GLOBALREQUEST
  46E538 $GLOBALRESPONSE
  46E53C $VCRREQUEST
  46E540 $DICTIONARY
  46E544 $FILESMANAGER
  46E55C $SZDBTEXTLOG
  46EE50 $WINEVENTEXTENDEDERR
  46EF50 $WINEVENTERRPROC
  46F050 $WA
  46F070 $MA
  46F074 $DS_GSMEVENTSQ
  46F188 $WE:ICONQUEUE
  46F198 $WE:ICONHANDLEQUEUE
  46F29C $DS_TSGPF
  46F2A0 $DS_TSDATA
  470E84 $DS_TSLEVEL
  470E88 $CLOSEDWIN
  470E8C $VWTSID
  470E90 $VWTSEVENT
  470E94 $VWINSYSEVENT
  470E98 $VSYSPARAM2
  470E9C $VSYSPARAM1
  470EA0 $VWINHELPCONTROL
  470EA4 $VWINCONTROL
  470EA8 $VWINEVENT
  470EAC $VPARAM2
  470EB0 $VPARAM1
  470EB4 $WINALERTDEBUGMESS
  470FB0 $WINEVENTLASTWINDOWSERROR
  470FB4 $WINEVENTERRORCODE
  472000 __import_section_start
  473D80 __import_section_end

Imports
ClaASC.dll:ASCII 47206C
ClaRUN.dll:AttachThreadToClarion 47241C,401000
ClaRUN.dll:Cla$ACCEPTED 472420,401008
ClaRUN.dll:Cla$ADDqueue 472424
ClaRUN.dll:Cla$ADDqueuekey 472428,401010
ClaRUN.dll:Cla$ADDqueueptr 47242C
ClaRUN.dll:Cla$ALERT 472430,401018
ClaRUN.dll:Cla$AssignLong2RefUfo 472434
ClaRUN.dll:Cla$AssignReal2RefUfo 472438
ClaRUN.dll:Cla$AssignRefUfo 47243C
ClaRUN.dll:Cla$BEEP 472440,401020
ClaRUN.dll:Cla$BindG 472444
ClaRUN.dll:Cla$BLOB_GET_PROPERTY 472448
ClaRUN.dll:Cla$BLOB_SET_PROPERTY 47244C
ClaRUN.dll:Cla$BLOB_TAKE 472450
ClaRUN.dll:Cla$BLOB_YIELD 472454
ClaRUN.dll:Cla$CHOICE 472458,401028
ClaRUN.dll:Cla$CLEAR 47245C
ClaRUN.dll:Cla$CLEARqueue 472460
ClaRUN.dll:Cla$clearstr 472464
ClaRUN.dll:Cla$ClearUfo 472468
ClaRUN.dll:Cla$CLOCK 47246C,401030
ClaRUN.dll:Cla$CloneUfo 472470
ClaRUN.dll:Cla$CLOSEwindow 472474,401038
ClaRUN.dll:Cla$code 472478
ClaRUN.dll:Cla$COMMAND 47247C,401040
ClaRUN.dll:Cla$COMMIT 472480,401048
ClaRUN.dll:Cla$comparestr 472484
ClaRUN.dll:Cla$CONVERTANSITOOEM 472488,401050
ClaRUN.dll:Cla$CONVERTOEMTOANSI 47248C,401058
ClaRUN.dll:Cla$DATE 472490,401060
ClaRUN.dll:Cla$DecAdd 472494
ClaRUN.dll:Cla$DecDistinct 472498
ClaRUN.dll:Cla$DecDistinctR 47249C
ClaRUN.dll:Cla$DecDivide 4724A0
ClaRUN.dll:Cla$DecMul 4724A4
ClaRUN.dll:Cla$DecSub 4724A8
ClaRUN.dll:Cla$DecSubR 4724AC
ClaRUN.dll:Cla$DELETEqueue 4724B0,401068
ClaRUN.dll:Cla$DELETEREG 4724B4,401070
ClaRUN.dll:Cla$DInt 4724B8
ClaRUN.dll:Cla$DISABLE 4724BC,401078
ClaRUN.dll:Cla$DISPLAY 4724C0,401080
ClaRUN.dll:Cla$DISPOSEqueue 4724C4
ClaRUN.dll:Cla$DISPOSEref 4724C8
ClaRUN.dll:Cla$DISPOSEvref 4724CC
ClaRUN.dll:Cla$Dlongpower 4724D0
ClaRUN.dll:Cla$DPopDec 4724D4
ClaRUN.dll:Cla$DPopLong 4724D8
ClaRUN.dll:Cla$DPopReal 4724DC
ClaRUN.dll:Cla$DPopUlong 4724E0
ClaRUN.dll:Cla$DPushConstant 4724E4
ClaRUN.dll:Cla$DPushDec 4724E8
ClaRUN.dll:Cla$DPushLong 4724EC
ClaRUN.dll:Cla$DPushReal 4724F0
ClaRUN.dll:Cla$DPushULong 4724F4
ClaRUN.dll:Cla$DStack2Stack 4724F8
ClaRUN.dll:Cla$duplicate 4724FC
ClaRUN.dll:Cla$ENABLE 472500,401088
ClaRUN.dll:Cla$EndEventLoop 472504
ClaRUN.dll:Cla$EndEventLoops 472508
ClaRUN.dll:Cla$ERRORCODE 47250C,401090
ClaRUN.dll:Cla$ERRORFILE 472510,401098
ClaRUN.dll:Cla$EVENT 472514,4010A0
ClaRUN.dll:Cla$FIELD 472518,4010A8
ClaRUN.dll:Cla$FIELDNAME 47251C,4010B0
ClaRUN.dll:Cla$FILEERRORCODE 472520,4010B8
ClaRUN.dll:Cla$FILEERRORMSG 472524,4010C0
ClaRUN.dll:Cla$FileExists 472528,4010C8
ClaRUN.dll:Cla$FILE_ADDf 47252C
ClaRUN.dll:Cla$FILE_CLOSE 472530,4010D0
ClaRUN.dll:Cla$FILE_CREATE 472534
ClaRUN.dll:Cla$FILE_DELETE 472538,4010D8
ClaRUN.dll:CLA$FILE_DESTROY 47253C
ClaRUN.dll:Cla$FILE_EMPTY 472540,4010E0
ClaRUN.dll:Cla$FILE_GETfk 472544
ClaRUN.dll:Cla$FILE_GET_PROPERTY 472548
ClaRUN.dll:Cla$FILE_NAME 47254C,4010E8
ClaRUN.dll:Cla$FILE_NEXT 472550,4010F0
ClaRUN.dll:Cla$FILE_NOMEMO 472554,4010F8
ClaRUN.dll:Cla$FILE_OPEN 472558,401100
ClaRUN.dll:Cla$FILE_POSITIONf 47255C,401108
ClaRUN.dll:Cla$FILE_POSITIONk 472560,401110
ClaRUN.dll:Cla$FILE_PUTf 472564
ClaRUN.dll:Cla$FILE_RECORDSf 472568,401118
ClaRUN.dll:Cla$FILE_REGETf 47256C,401120
ClaRUN.dll:Cla$FILE_REGETk 472570,401128
ClaRUN.dll:Cla$FILE_SETf 472574,401130
ClaRUN.dll:Cla$FILE_SET_PROPERTY 472578
ClaRUN.dll:Cla$FOCUS 47257C,401138
ClaRUN.dll:Cla$FREEqueue 472580
ClaRUN.dll:Cla$FREEqueuea 472584,401140
ClaRUN.dll:Cla$freestr 472588
ClaRUN.dll:Cla$FreeUfo 47258C
ClaRUN.dll:Cla$freewindow 472590
ClaRUN.dll:Cla$GETGROUP 472594,401148
ClaRUN.dll:Cla$GETINI 472598,401150
ClaRUN.dll:Cla$GetPropS 47259C
ClaRUN.dll:Cla$GETqueuekey 4725A0,401158
ClaRUN.dll:Cla$GETqueueptr 4725A4
ClaRUN.dll:Cla$GETREG 4725A8,401160
ClaRUN.dll:Cla$Group2Ufo 4725AC
ClaRUN.dll:Cla$HALT 4725B0,401168
ClaRUN.dll:Cla$HOWMANY 4725B4,401170
ClaRUN.dll:Cla$INSTANCE 4725B8,401178
ClaRUN.dll:Cla$INT 4725BC
ClaRUN.dll:Cla$IsAlpha 4725C0,401180
ClaRUN.dll:Cla$isftolower 4725C4,401188
ClaRUN.dll:Cla$isftoupper 4725C8,401190
ClaRUN.dll:Cla$ISGROUP 4725CC,401198
ClaRUN.dll:Cla$IsUfoString 4725D0,4011A0
ClaRUN.dll:Cla$KEYCODE 4725D4,4011A8
ClaRUN.dll:Cla$KEY_GET_PROPERTY 4725D8
ClaRUN.dll:Cla$loaddec 4725DC
ClaRUN.dll:Cla$LOGOUT 4725E0,4011B0
ClaRUN.dll:Cla$LONGPATH 4725E4,4011B8
ClaRUN.dll:Cla$longtostr 4725E8
ClaRUN.dll:Cla$Mem2Ufo 4725EC
ClaRUN.dll:Cla$MessageBox 4725F0,4011C0
ClaRUN.dll:Cla$modulus 4725F4
ClaRUN.dll:Cla$MONTH 4725F8,4011C8
ClaRUN.dll:Cla$MOUSEX 4725FC,4011D0
ClaRUN.dll:Cla$MOUSEY 472600,4011D8
ClaRUN.dll:Cla$NewMemB 472604
ClaRUN.dll:Cla$NewMemT 472608
ClaRUN.dll:Cla$NewMemZ 47260C
ClaRUN.dll:Cla$NEWqueue 472610
ClaRUN.dll:Cla$NOTIFICATION 472614,4011E0
ClaRUN.dll:Cla$OPENowned 472618,4011E8
ClaRUN.dll:Cla$OPENwindow 47261C,4011F0
ClaRUN.dll:Cla$PEEK 472620
ClaRUN.dll:Cla$POINTERqueue 472624,4011F8
ClaRUN.dll:Cla$PopAString 472628
ClaRUN.dll:Cla$PopBind 47262C,401200
ClaRUN.dll:Cla$PopCString 472630
ClaRUN.dll:Cla$poperrcodes 472634,401208
ClaRUN.dll:Cla$PopPString 472638
ClaRUN.dll:Cla$PopReal 47263C
ClaRUN.dll:Cla$PopString 472640
ClaRUN.dll:Cla$PopTemp 472644
ClaRUN.dll:Cla$POST 472648,401210
ClaRUN.dll:Cla$PushAString 47264C
ClaRUN.dll:Cla$PushBind 472650,401218
ClaRUN.dll:Cla$PushCString 472654
ClaRUN.dll:Cla$pusherrcodes 472658,401220
ClaRUN.dll:Cla$PushLong 47265C
ClaRUN.dll:Cla$PushNull 472660
ClaRUN.dll:Cla$PushPictDec 472664
ClaRUN.dll:Cla$PushPictLong 472668
ClaRUN.dll:Cla$PushReal 47266C
ClaRUN.dll:Cla$PushString 472670
ClaRUN.dll:Cla$PushTemp 472674
ClaRUN.dll:Cla$PushUfo 472678
ClaRUN.dll:Cla$PUTINI 47267C,401228
ClaRUN.dll:Cla$PUTqueue 472680
ClaRUN.dll:Cla$PUTREG 472684,401230
ClaRUN.dll:Cla$pwopen 472688,401238
ClaRUN.dll:Cla$RANDOM 47268C,401240
ClaRUN.dll:Cla$realdistinct 472690
ClaRUN.dll:Cla$RECORDSqueue 472694,401248
ClaRUN.dll:Cla$RefAssignAny 472698
ClaRUN.dll:Cla$REGULAR 47269C,401250
ClaRUN.dll:Cla$RemoveFile 4726A0,401258
ClaRUN.dll:Cla$rterr 4726A4,401260
ClaRUN.dll:Cla$SELECT 4726A8,401268
ClaRUN.dll:Cla$SETCURSOR 4726AC,401270
ClaRUN.dll:Cla$SETKEYCODE 4726B0,401278
ClaRUN.dll:Cla$SETPOSITION 4726B4,401280
ClaRUN.dll:Cla$SetPropS 4726B8
ClaRUN.dll:Cla$SetPropV 4726BC
ClaRUN.dll:Cla$SORTqueuefkey 4726C0
ClaRUN.dll:Cla$SORTqueuekey 4726C4,401288
ClaRUN.dll:Cla$Stack2DStack 4726C8
ClaRUN.dll:Cla$Stack2Ufo 4726CC
ClaRUN.dll:Cla$StackALL 4726D0,401290
ClaRUN.dll:Cla$StackCLIP 4726D4,401298
ClaRUN.dll:Cla$StackCompare 4726D8
ClaRUN.dll:Cla$StackCompareN 4726DC
ClaRUN.dll:Cla$StackCompareNEQ 4726E0
ClaRUN.dll:Cla$StackCompareR 4726E4
ClaRUN.dll:Cla$StackConcat 4726E8
ClaRUN.dll:Cla$StackConcatR 4726EC
ClaRUN.dll:Cla$StackDEFORMAT2 4726F0
ClaRUN.dll:Cla$StackErrstr 4726F4,4012A0
ClaRUN.dll:Cla$StackFORMAT2 4726F8
ClaRUN.dll:Cla$StackHeap 4726FC
ClaRUN.dll:Cla$StackINLIST 472700
ClaRUN.dll:Cla$StackINSTRING 472704,4012A8
ClaRUN.dll:Cla$StackLEFT 472708,4012B0
ClaRUN.dll:Cla$StackLen 47270C,4012B8
ClaRUN.dll:Cla$StackLOWER 472710,4012C0
ClaRUN.dll:Cla$StackNUMERIC 472714,4012C8
ClaRUN.dll:Cla$STACKpop 472718
ClaRUN.dll:Cla$StackRIGHT 47271C,4012D0
ClaRUN.dll:Cla$StackRotate 472720
ClaRUN.dll:Cla$StackSUB 472724,4012D8
ClaRUN.dll:Cla$StackUPPER 472728,4012E0
ClaRUN.dll:Cla$StackVAL 47272C
ClaRUN.dll:Cla$StartEventLoop 472730
ClaRUN.dll:Cla$STATUSfile 472734,4012E8
ClaRUN.dll:Cla$storecstr 472738
ClaRUN.dll:Cla$storedec 47273C
ClaRUN.dll:Cla$storepstr 472740
ClaRUN.dll:Cla$storestr 472744
ClaRUN.dll:Cla$String2BlobRef 472748
ClaRUN.dll:Cla$String2Ref 47274C
ClaRUN.dll:Cla$THREAD 472750,4012F0
ClaRUN.dll:Cla$TODAY 472754,4012F8
ClaRUN.dll:Cla$Ufo2Real 472758
ClaRUN.dll:Cla$Ufodistinct 47275C
ClaRUN.dll:Cla$UfoRealDiff 472760
ClaRUN.dll:Cla$UNHIDE 472764,401300
ClaRUN.dll:Cla$UNREGISTEREVENT 472768,401308
ClaRUN.dll:Cla$VIEW_SETvl 47276C,401310
ClaRUN.dll:Cla$WHAT 472770,401318
ClaRUN.dll:Cla$WHO 472774,401320
ClaRUN.dll:Cla$YEAR 472778,401328
ClaRUN.dll:Cla$YIELD 47277C,401330
ClaRUN.dll:NewCriticalSection 472780,401338
ClaRUN.dll:THR$GetInstance 472784,401340
ClaRUN.dll:_exit 472788,401348
ClaRUN.dll:_free 47278C
ClaRUN.dll:_malloc 472790
ClaRUN.dll:_memchr 472794,401350
ClaRUN.dll:_memcmp 472798,401358
ClaRUN.dll:_memcpy 47279C,401360
ClaRUN.dll:_memicmp 4727A0,401368
ClaRUN.dll:_memmove 4727A4,401370
ClaRUN.dll:_memset 4727A8,401378
ClaRUN.dll:_rand 4727AC,401380
ClaRUN.dll:_srand 4727B0,401388
ClaRUN.dll:_strlen 4727B4
ClaRUN.dll:__sysinit 4727B8,401390
ClaRUN.dll:__sysstart 4727BC,401398
KERNEL32.dll:CloseHandle 472820,4013A0
KERNEL32.dll:CreateFileA 472824,4013A8
KERNEL32.dll:FormatMessageA 472828,4013B0
KERNEL32.dll:FreeLibrary 47282C,4013B8
KERNEL32.dll:GetCurrentProcessId 472830,4013C0
KERNEL32.dll:GetFileSize 472834,4013C8
KERNEL32.dll:GetLastError 472838,4013D0
KERNEL32.dll:GetProcAddress 47283C,4013D8
KERNEL32.dll:GetSystemTime 472840
KERNEL32.dll:LoadLibraryA 472844,4013E0
KERNEL32.dll:LoadLibraryExA 472848,4013E8
KERNEL32.dll:MultiByteToWideChar 47284C,4013F0
KERNEL32.dll:OutputDebugStringA 472850,4013F8
KERNEL32.dll:QueryPerformanceCounter 472854,401400
KERNEL32.dll:QueryPerformanceFrequency 472858,401408
KERNEL32.dll:ReadFile 47285C,401410
KERNEL32.dll:SetFilePointer 472860,401418
KERNEL32.dll:SetLastError 472864,401420
KERNEL32.dll:Sleep 472868,401428
KERNEL32.dll:SleepEx 47286C,401430
KERNEL32.dll:WideCharToMultiByte 472870,401438
KERNEL32.dll:WriteFile 472874,401440
USER32.dll:CallWindowProcA 47289C,401448
USER32.dll:GetActiveWindow 4728A0,401450
USER32.dll:GetSysColor 4728A4,401458
USER32.dll:GetSystemMetrics 4728A8,401460
USER32.dll:GetWindowRect 4728AC,401468
USER32.dll:SetWindowLongA 4728B0,401470
USER32.dll:SystemParametersInfoA 4728B4,401478



Entry Point:   408270